2026-07-19T00:09:52.1138853+00:00 ContainerStatus: State: Starting, Action: EstablishingSiteNetworks, LastError: , LastErrorTimestamp: 01/01/0001 00:00:00, LastErrorDetails: , Details: , DetailsLevel: INFO
2026-07-19T00:09:54.8368509+00:00 ContainerStatus: State: Starting, Action: StartingSiteContainers, LastError: , LastErrorTimestamp: 01/01/0001 00:00:00, LastErrorDetails: , Details: , DetailsLevel: INFO
2026-07-19T00:09:54.8369691+00:00 ContainerStatus: Container start method called.
2026-07-19T00:09:54.8371631+00:00 ContainerStatus: State: Starting, Action: PullingImage, LastError: , LastErrorTimestamp: 01/01/0001 00:00:00, LastErrorDetails: , Details: Pulling image 10.1.0.4:13209/appsvc/node:22-lts_20260504.4.tuxprod for babitk-app., DetailsLevel: INFO
2026-07-19T00:09:54.8393894+00:00 ContainerStatus: Establishing network.
2026-07-19T00:09:54.8395955+00:00 ContainerStatus: Pulling image: appsvc/node:22-lts_20260504.4.tuxprod.
2026-07-19T00:09:55.8126117+00:00 ContainerStatus: Container is starting.
2026-07-19T00:09:55.8126800+00:00 ContainerStatus: State: Starting, Action: MountingVolumes, LastError: , LastErrorTimestamp: 01/01/0001 00:00:00, LastErrorDetails: , Details: Mounting volumes for babitk-app., DetailsLevel: INFO
2026-07-19T00:09:55.8127348+00:00 ContainerStatus: Establishing user namespace if not established already.
2026-07-19T00:09:55.8136653+00:00 ContainerStatus: Establishing network if not established already.
2026-07-19T00:09:55.8137542+00:00 ContainerStatus: Mounting volumes.
2026-07-19T00:09:55.8138349+00:00 ContainerStatus: Nested mountpoint 
2026-07-19T00:09:55.8411518+00:00 ContainerStatus: Nested mountpoint volatile/logs
2026-07-19T00:09:55.8513080+00:00 ContainerStatus: Nested mountpoint 
2026-07-19T00:09:55.8610506+00:00 ContainerStatus: Nested mountpoint 
2026-07-19T00:09:55.8621307+00:00 ContainerStatus: Nested mountpoint 
2026-07-19T00:09:55.8923972+00:00 ContainerStatus: Nested mountpoint 
2026-07-19T00:09:56.1920218+00:00 ContainerStatus: State: Starting, Action: CreatingContainer, LastError: , LastErrorTimestamp: 01/01/0001 00:00:00, LastErrorDetails: , Details: Finished pulling container image and mounting volumes for babitk-app. Allocatinng the rest of the container resources to finish container creation., DetailsLevel: INFO
2026-07-19T00:09:56.2009045+00:00 ContainerStatus: Creating container.
2026-07-19T00:09:56.2096869+00:00 ContainerStatus: Creating pipes for streaming container io.
2026-07-19T00:09:56.2098605+00:00 ContainerStatus: Creating stdout named pipe at /podr/container/pipe/2d29812cb69f_babitk-app/stdout_c2f50d13bcc341efb86ffb6c7e25648e.
2026-07-19T00:09:56.2106357+00:00 ContainerStatus: Successfully created stdout named pipe at: /podr/container/pipe/2d29812cb69f_babitk-app/stdout_c2f50d13bcc341efb86ffb6c7e25648e.
2026-07-19T00:09:56.2110494+00:00 ContainerStatus: Opening named pipe /podr/container/pipe/2d29812cb69f_babitk-app/stdout_c2f50d13bcc341efb86ffb6c7e25648e for reading in non-blocking mode.
2026-07-19T00:09:56.2116658+00:00 ContainerStatus: Successfully opened named pipe: /podr/container/pipe/2d29812cb69f_babitk-app/stdout_c2f50d13bcc341efb86ffb6c7e25648e.
2026-07-19T00:09:56.2198371+00:00 ContainerStatus: Successfully removed non-blocking flag from /podr/container/pipe/2d29812cb69f_babitk-app/stdout_c2f50d13bcc341efb86ffb6c7e25648e.
2026-07-19T00:09:56.2225317+00:00 ContainerStatus: Creating stderr named pipe at /podr/container/pipe/2d29812cb69f_babitk-app/stderr_3908bfc7e9d04c898e4c28bd60364b02.
2026-07-19T00:09:56.2226782+00:00 ContainerStatus: Successfully created stderr named pipe at: /podr/container/pipe/2d29812cb69f_babitk-app/stderr_3908bfc7e9d04c898e4c28bd60364b02.
2026-07-19T00:09:56.2313041+00:00 ContainerStatus: Opening named pipe /podr/container/pipe/2d29812cb69f_babitk-app/stderr_3908bfc7e9d04c898e4c28bd60364b02 for reading in non-blocking mode.
2026-07-19T00:09:56.2401122+00:00 ContainerStatus: Successfully opened named pipe: /podr/container/pipe/2d29812cb69f_babitk-app/stderr_3908bfc7e9d04c898e4c28bd60364b02.
2026-07-19T00:09:56.2403499+00:00 ContainerStatus: Successfully removed non-blocking flag from /podr/container/pipe/2d29812cb69f_babitk-app/stderr_3908bfc7e9d04c898e4c28bd60364b02.
2026-07-19T00:09:56.2408682+00:00 ContainerStatus: Creating container with image: appsvc/node:22-lts_20260504.4.tuxprod from registry: 10.1.0.4:13209 and fully qualified image name: 10.1.0.4:13209/appsvc/node:22-lts_20260504.4.tuxprod
2026-07-19T00:09:57.3088953+00:00 ContainerStatus: Starting container: 2d29812cb69f_babitk-app.
2026-07-19T00:09:57.4310341+00:00 ContainerStatus: Starting watchers and probes.
2026-07-19T00:09:57.4581663+00:00 ContainerStatus: Starting metrics collection.
2026-07-19T00:09:57.4601657+00:00 ContainerStatus: Container is running.
2026-07-19T00:09:57.4607242+00:00 ContainerStatus: State: Starting, Action: CreatingContainer, LastError: , LastErrorTimestamp: 01/01/0001 00:00:00, LastErrorDetails: , Details: Container babitk-app successfully created and is running., DetailsLevel: INFO
2026-07-19T00:09:58.0190510+00:00 ContainerStatus: Container start method finished after 3181 ms.
2026-07-19T00:09:58.0193065+00:00 ContainerStatus: State: Starting, Action: InitiatingSiteWarmUpProbe, LastError: , LastErrorTimestamp: 01/01/0001 00:00:00, LastErrorDetails: , Details: Container babitk-app successfully created and is running., DetailsLevel: INFO
2026-07-19T00:09:58.0504537+00:00 ContainerStatus: State: Starting, Action: WaitingForSiteWarmUpProbeSuccess, LastError: , LastErrorTimestamp: 01/01/0001 00:00:00, LastErrorDetails: , Details: Pinging warmup path to ensure container is ready to receive requests., DetailsLevel: INFO
2026-07-19T00:09:58.4104493+00:00 ContainerStream:    _____                               
2026-07-19T00:09:58.4105786+00:00 ContainerStream:   /  _  \ __________ _________   ____  
2026-07-19T00:09:58.4105816+00:00 ContainerStream:  /  /_\  \\___   /  |  \_  __ \_/ __ \ 
2026-07-19T00:09:58.4105834+00:00 ContainerStream: /    |    \/    /|  |  /|  | \/\  ___/ 
2026-07-19T00:09:58.4105851+00:00 ContainerStream: \____|__  /_____ \____/ |__|    \___  >
2026-07-19T00:09:58.4105873+00:00 ContainerStream:         \/      \/                  \/ 
2026-07-19T00:09:58.4105913+00:00 ContainerStream: A P P   S E R V I C E   O N   L I N U X
2026-07-19T00:09:58.4105933+00:00 ContainerStream: 
2026-07-19T00:09:58.4105955+00:00 ContainerStream: Documentation    : http://aka.ms/webapp-linux
2026-07-19T00:09:58.4105976+00:00 ContainerStream: NodeJS quickstart: https://aka.ms/node-qs
2026-07-19T00:09:58.4105993+00:00 ContainerStream: NodeJS Version   : v22.22.2
2026-07-19T00:09:58.4106010+00:00 ContainerStream: Instance Name    : lw1sdlwk0000OJ
2026-07-19T00:09:58.4106043+00:00 ContainerStream: Instance Id      : e853b0d521c13ae8cb31bbb09a3a1872c5b2865061d0d453c8b371a72b35cb7a
2026-07-19T00:09:58.4106060+00:00 ContainerStream: 
2026-07-19T00:09:58.4106077+00:00 ContainerStream: Note: Any data outside '/home' is not persisted
2026-07-19T00:10:06.3227560+00:00 ContainerStream: Starting OpenBSD Secure Shell server: sshd.
2026-07-19T00:10:06.3437758+00:00 ContainerStream: WEBSITES_INCLUDE_CLOUD_CERTS is not set to true.
2026-07-19T00:10:06.4221847+00:00 ContainerStream: Updating certificates in /etc/ssl/certs...
2026-07-19T00:10:12.1458278+00:00 ContainerStatus: Site startup probe failed after 14.0349243 seconds.
2026-07-19T00:10:12.9954385+00:00 ContainerStatus: State: Starting, Action: WaitingForSiteWarmUpProbeSuccess, LastError: ContainerTimeout, LastErrorTimestamp: 07/19/2026 00:10:12, LastErrorDetails: Container did not start within expected time limit of 600s. Please inspect your container logs for more details., Details: Pinging warmup path to ensure container is ready to receive requests., DetailsLevel: ERR
2026-07-19T00:10:13.0361971+00:00 ContainerStatus: Failed to start site. Revert by stopping site.
2026-07-19T00:10:13.0460536+00:00 ContainerStatus: State: Stopping, Action: StoppingSite, LastError: ContainerTimeout, LastErrorTimestamp: 07/19/2026 00:10:12, LastErrorDetails: Container did not start within expected time limit of 600s. Please inspect your container logs for more details., Details: Pinging warmup path to ensure container is ready to receive requests., DetailsLevel: ERR
2026-07-19T00:10:13.0749338+00:00 ContainerStatus: State: Stopping, Action: StoppingSiteContainers, LastError: ContainerTimeout, LastErrorTimestamp: 07/19/2026 00:10:12, LastErrorDetails: Container did not start within expected time limit of 600s. Please inspect your container logs for more details., Details: Pinging warmup path to ensure container is ready to receive requests., DetailsLevel: ERR
2026-07-19T00:10:13.0751226+00:00 ContainerStatus: Container is terminating. Grace period: 5 seconds.
2026-07-19T00:10:13.1041658+00:00 ContainerStatus: Stop and delete container. Retry count = 0
2026-07-19T00:10:13.1052922+00:00 ContainerStatus: Stopping container: 2d29812cb69f_babitk-app.
2026-07-19T00:10:18.1848448+00:00 ContainerStatus: Deleting container: 2d29812cb69f_babitk-app. Retry count = 0
2026-07-19T00:10:18.3721436+00:00 ContainerStatus: Container spec TerminationMessagePolicy  path 
2026-07-19T00:10:18.3726627+00:00 ContainerStatus: Container is terminated. Total time elapsed: 5297 ms.
2026-07-19T00:10:18.3733178+00:00 ContainerStatus: Site container: babitk-app terminated during site startup.
2026-07-19T00:10:18.3742339+00:00 ContainerStatus: State: Stopping, Action: CancellingStartup, LastError: ContainerTimeout, LastErrorTimestamp: 07/19/2026 00:10:12, LastErrorDetails: Container did not start within expected time limit of 600s. Please inspect your container logs for more details., Details: Site container: babitk-app terminated during site startup. Cancelling site startup., DetailsLevel: ERR
2026-07-19T00:10:18.3832634+00:00 ContainerStatus: Site: babitk-app stopped.
========== New Cold Start Attempt (2026-07-19T01:16:22.8651451+00:00) ==========
2026-07-19T01:16:22.8651451+00:00 ContainerStatus: State: Stopping, Action: StoppingSite, LastError: ContainerTimeout, LastErrorTimestamp: 07/19/2026 00:10:12, LastErrorDetails: Container did not start within expected time limit of 600s. Please inspect your container logs for more details., Details: Site started at 07/19/2026 01:15:10 (UTC), DetailsLevel: INFO
2026-07-19T01:16:22.8655830+00:00 ContainerStatus: State: Stopping, Action: StoppingSiteContainers, LastError: ContainerTimeout, LastErrorTimestamp: 07/19/2026 00:10:12, LastErrorDetails: Container did not start within expected time limit of 600s. Please inspect your container logs for more details., Details: Site started at 07/19/2026 01:15:10 (UTC), DetailsLevel: INFO
2026-07-19T01:16:22.8680815+00:00 ContainerStatus: Container is terminating. Grace period: 5 seconds.
2026-07-19T01:16:22.8770263+00:00 ContainerStatus: Stop and delete container. Retry count = 0
2026-07-19T01:16:22.8776031+00:00 ContainerStatus: Stopping container: 5467c17b3427_babitk-app.
2026-07-19T01:16:28.5268626+00:00 ContainerStatus: Deleting container: 5467c17b3427_babitk-app. Retry count = 0
2026-07-19T01:16:28.9872962+00:00 ContainerStatus: Container spec TerminationMessagePolicy  path 
2026-07-19T01:16:28.9874574+00:00 ContainerStatus: Container is terminated. Total time elapsed: 6119 ms.
2026-07-19T01:16:28.9878794+00:00 ContainerStatus: Site: babitk-app stopped.
2026-07-19T01:16:30.2349851+00:00 ContainerStatus: State: Starting, Action: EstablishingSiteNetworks, LastError: , LastErrorTimestamp: 01/01/0001 00:00:00, LastErrorDetails: , Details: , DetailsLevel: INFO
2026-07-19T01:16:32.5625889+00:00 ContainerStatus: State: Starting, Action: StartingSiteContainers, LastError: , LastErrorTimestamp: 01/01/0001 00:00:00, LastErrorDetails: , Details: , DetailsLevel: INFO
2026-07-19T01:16:32.5626608+00:00 ContainerStatus: Container start method called.
2026-07-19T01:16:32.5626845+00:00 ContainerStatus: State: Starting, Action: PullingImage, LastError: , LastErrorTimestamp: 01/01/0001 00:00:00, LastErrorDetails: , Details: Pulling image 10.1.0.4:13209/appsvc/node:22-lts_20260504.4.tuxprod for babitk-app., DetailsLevel: INFO
2026-07-19T01:16:32.5627384+00:00 ContainerStatus: Establishing network.
2026-07-19T01:16:32.5806535+00:00 ContainerStatus: Pulling image: appsvc/node:22-lts_20260504.4.tuxprod.
2026-07-19T01:16:32.9211111+00:00 ContainerStatus: Container is starting.
2026-07-19T01:16:32.9213260+00:00 ContainerStatus: State: Starting, Action: MountingVolumes, LastError: , LastErrorTimestamp: 01/01/0001 00:00:00, LastErrorDetails: , Details: Mounting volumes for babitk-app., DetailsLevel: INFO
2026-07-19T01:16:32.9214264+00:00 ContainerStatus: Establishing user namespace if not established already.
2026-07-19T01:16:32.9215278+00:00 ContainerStatus: Establishing network if not established already.
2026-07-19T01:16:32.9216132+00:00 ContainerStatus: Mounting volumes.
2026-07-19T01:16:32.9217202+00:00 ContainerStatus: Nested mountpoint 
2026-07-19T01:16:32.9316987+00:00 ContainerStatus: Nested mountpoint volatile/logs
2026-07-19T01:16:32.9729420+00:00 ContainerStatus: Nested mountpoint 
2026-07-19T01:16:32.9734786+00:00 ContainerStatus: Nested mountpoint 
2026-07-19T01:16:33.0308673+00:00 ContainerStatus: Nested mountpoint 
2026-07-19T01:16:33.0410468+00:00 ContainerStatus: Nested mountpoint 
2026-07-19T01:16:33.7005230+00:00 ContainerStatus: State: Starting, Action: CreatingContainer, LastError: , LastErrorTimestamp: 01/01/0001 00:00:00, LastErrorDetails: , Details: Finished pulling container image and mounting volumes for babitk-app. Allocatinng the rest of the container resources to finish container creation., DetailsLevel: INFO
2026-07-19T01:16:33.7006205+00:00 ContainerStatus: Creating container.
2026-07-19T01:16:33.7006949+00:00 ContainerStatus: Creating pipes for streaming container io.
2026-07-19T01:16:33.7011461+00:00 ContainerStatus: Creating stdout named pipe at /podr/container/pipe/6583b0de9362_babitk-app/stdout_4b95f29a5b9b4f87a15d5145017be39e.
2026-07-19T01:16:33.7013168+00:00 ContainerStatus: Successfully created stdout named pipe at: /podr/container/pipe/6583b0de9362_babitk-app/stdout_4b95f29a5b9b4f87a15d5145017be39e.
2026-07-19T01:16:33.7013931+00:00 ContainerStatus: Opening named pipe /podr/container/pipe/6583b0de9362_babitk-app/stdout_4b95f29a5b9b4f87a15d5145017be39e for reading in non-blocking mode.
2026-07-19T01:16:33.7026136+00:00 ContainerStatus: Successfully opened named pipe: /podr/container/pipe/6583b0de9362_babitk-app/stdout_4b95f29a5b9b4f87a15d5145017be39e.
2026-07-19T01:16:33.7027389+00:00 ContainerStatus: Successfully removed non-blocking flag from /podr/container/pipe/6583b0de9362_babitk-app/stdout_4b95f29a5b9b4f87a15d5145017be39e.
2026-07-19T01:16:33.7309964+00:00 ContainerStatus: Creating stderr named pipe at /podr/container/pipe/6583b0de9362_babitk-app/stderr_32063661a75b4f799be07cb677f1d2b8.
2026-07-19T01:16:33.7310994+00:00 ContainerStatus: Successfully created stderr named pipe at: /podr/container/pipe/6583b0de9362_babitk-app/stderr_32063661a75b4f799be07cb677f1d2b8.
2026-07-19T01:16:33.7311552+00:00 ContainerStatus: Opening named pipe /podr/container/pipe/6583b0de9362_babitk-app/stderr_32063661a75b4f799be07cb677f1d2b8 for reading in non-blocking mode.
2026-07-19T01:16:33.7312144+00:00 ContainerStatus: Successfully opened named pipe: /podr/container/pipe/6583b0de9362_babitk-app/stderr_32063661a75b4f799be07cb677f1d2b8.
2026-07-19T01:16:33.7312604+00:00 ContainerStatus: Successfully removed non-blocking flag from /podr/container/pipe/6583b0de9362_babitk-app/stderr_32063661a75b4f799be07cb677f1d2b8.
2026-07-19T01:16:33.7318893+00:00 ContainerStatus: Creating container with image: appsvc/node:22-lts_20260504.4.tuxprod from registry: 10.1.0.4:13209 and fully qualified image name: 10.1.0.4:13209/appsvc/node:22-lts_20260504.4.tuxprod
2026-07-19T01:16:35.1088150+00:00 ContainerStatus: Starting container: 6583b0de9362_babitk-app.
2026-07-19T01:16:35.1984715+00:00 ContainerStatus: Starting watchers and probes.
2026-07-19T01:16:35.2001161+00:00 ContainerStatus: Starting metrics collection.
2026-07-19T01:16:35.2006917+00:00 ContainerStatus: Container is running.
2026-07-19T01:16:35.2009968+00:00 ContainerStatus: State: Starting, Action: CreatingContainer, LastError: , LastErrorTimestamp: 01/01/0001 00:00:00, LastErrorDetails: , Details: Container babitk-app successfully created and is running., DetailsLevel: INFO
2026-07-19T01:16:35.5089626+00:00 ContainerStatus: Container start method finished after 2946 ms.
2026-07-19T01:16:35.5090978+00:00 ContainerStatus: State: Starting, Action: InitiatingSiteWarmUpProbe, LastError: , LastErrorTimestamp: 01/01/0001 00:00:00, LastErrorDetails: , Details: Container babitk-app successfully created and is running., DetailsLevel: INFO
2026-07-19T01:16:35.5091130+00:00 ContainerStatus: State: Starting, Action: WaitingForSiteWarmUpProbeSuccess, LastError: , LastErrorTimestamp: 01/01/0001 00:00:00, LastErrorDetails: , Details: Pinging warmup path to ensure container is ready to receive requests., DetailsLevel: INFO
2026-07-19T01:16:36.0802543+00:00 ContainerStream:    _____                               
2026-07-19T01:16:36.0803909+00:00 ContainerStream:   /  _  \ __________ _________   ____  
2026-07-19T01:16:36.0803940+00:00 ContainerStream:  /  /_\  \\___   /  |  \_  __ \_/ __ \ 
2026-07-19T01:16:36.0803958+00:00 ContainerStream: /    |    \/    /|  |  /|  | \/\  ___/ 
2026-07-19T01:16:36.0803975+00:00 ContainerStream: \____|__  /_____ \____/ |__|    \___  >
2026-07-19T01:16:36.0803997+00:00 ContainerStream:         \/      \/                  \/ 
2026-07-19T01:16:36.0804014+00:00 ContainerStream: A P P   S E R V I C E   O N   L I N U X
2026-07-19T01:16:36.0804029+00:00 ContainerStream: 
2026-07-19T01:16:36.0804065+00:00 ContainerStream: Documentation    : http://aka.ms/webapp-linux
2026-07-19T01:16:36.0804086+00:00 ContainerStream: NodeJS quickstart: https://aka.ms/node-qs
2026-07-19T01:16:36.0804103+00:00 ContainerStream: NodeJS Version   : v22.22.2
2026-07-19T01:16:36.0804121+00:00 ContainerStream: Instance Name    : lw1sdlwk0000OJ
2026-07-19T01:16:36.0804142+00:00 ContainerStream: Instance Id      : e853b0d521c13ae8cb31bbb09a3a1872c5b2865061d0d453c8b371a72b35cb7a
2026-07-19T01:16:36.0804159+00:00 ContainerStream: 
2026-07-19T01:16:36.0804186+00:00 ContainerStream: Note: Any data outside '/home' is not persisted
2026-07-19T01:16:42.7986509+00:00 ContainerStatus: Site startup probe failed after 7.2890269 seconds.
2026-07-19T01:16:43.1974084+00:00 ContainerStatus: State: Starting, Action: WaitingForSiteWarmUpProbeSuccess, LastError: ContainerTimeout, LastErrorTimestamp: 07/19/2026 01:16:43, LastErrorDetails: Container did not start within expected time limit of 600s. Please inspect your container logs for more details., Details: Pinging warmup path to ensure container is ready to receive requests., DetailsLevel: ERR
2026-07-19T01:16:43.2001874+00:00 ContainerStatus: Failed to start site. Revert by stopping site.
2026-07-19T01:16:43.2091053+00:00 ContainerStatus: State: Stopping, Action: StoppingSite, LastError: ContainerTimeout, LastErrorTimestamp: 07/19/2026 01:16:43, LastErrorDetails: Container did not start within expected time limit of 600s. Please inspect your container logs for more details., Details: Pinging warmup path to ensure container is ready to receive requests., DetailsLevel: ERR
2026-07-19T01:16:43.2779859+00:00 ContainerStatus: State: Stopping, Action: StoppingSiteContainers, LastError: ContainerTimeout, LastErrorTimestamp: 07/19/2026 01:16:43, LastErrorDetails: Container did not start within expected time limit of 600s. Please inspect your container logs for more details., Details: Pinging warmup path to ensure container is ready to receive requests., DetailsLevel: ERR
2026-07-19T01:16:43.2781162+00:00 ContainerStatus: Container is terminating. Grace period: 5 seconds.
2026-07-19T01:16:43.2991758+00:00 ContainerStatus: Stop and delete container. Retry count = 0
2026-07-19T01:16:43.2996060+00:00 ContainerStatus: Stopping container: 6583b0de9362_babitk-app.
2026-07-19T01:16:43.5886059+00:00 ContainerStream: Starting OpenBSD Secure Shell server: sshd.
2026-07-19T01:16:43.6090268+00:00 ContainerStream: WEBSITES_INCLUDE_CLOUD_CERTS is not set to true.
2026-07-19T01:16:43.9999998+00:00 ContainerStream: Updating certificates in /etc/ssl/certs...
2026-07-19T01:16:48.3828678+00:00 ContainerStatus: Deleting container: 6583b0de9362_babitk-app. Retry count = 0
2026-07-19T01:16:48.5329097+00:00 ContainerStatus: Container spec TerminationMessagePolicy  path 
2026-07-19T01:16:48.5332388+00:00 ContainerStatus: Container is terminated. Total time elapsed: 5254 ms.
2026-07-19T01:16:48.5336035+00:00 ContainerStatus: Site container: babitk-app terminated during site startup.
2026-07-19T01:16:48.5343828+00:00 ContainerStatus: State: Stopping, Action: CancellingStartup, LastError: ContainerTimeout, LastErrorTimestamp: 07/19/2026 01:16:43, LastErrorDetails: Container did not start within expected time limit of 600s. Please inspect your container logs for more details., Details: Site container: babitk-app terminated during site startup. Cancelling site startup., DetailsLevel: ERR
2026-07-19T01:16:48.5348060+00:00 ContainerStatus: Site: babitk-app stopped.
