2026-07-19T00:10:39.8271439+00:00 ContainerStatus: State: Stopping, Action: StoppingSite, LastError: VNETFailure, LastErrorTimestamp: 07/17/2026 14:11:46, LastErrorDetails: There was an issue setting up VNet., Details: Site started at 07/18/2026 22:43:07 (UTC), DetailsLevel: INFO
2026-07-19T00:10:39.8362175+00:00 ContainerStatus: State: Stopping, Action: StoppingSiteContainers, LastError: VNETFailure, LastErrorTimestamp: 07/17/2026 14:11:46, LastErrorDetails: There was an issue setting up VNet., Details: Site started at 07/18/2026 22:43:07 (UTC), DetailsLevel: INFO
2026-07-19T00:10:39.8363514+00:00 ContainerStatus: Container is terminating. Grace period: 5 seconds.
2026-07-19T00:10:39.8569961+00:00 ContainerStatus: Stop and delete container. Retry count = 0
2026-07-19T00:10:39.8570866+00:00 ContainerStatus: Stopping container: dce015272386_babitk-app.
2026-07-19T00:10:45.0491300+00:00 ContainerStatus: Deleting container: dce015272386_babitk-app. Retry count = 0
2026-07-19T00:10:45.2375326+00:00 ContainerStatus: Container spec TerminationMessagePolicy  path 
2026-07-19T00:10:45.2381989+00:00 ContainerStatus: Container is terminated. Total time elapsed: 5401 ms.
2026-07-19T00:10:45.2383279+00:00 ContainerStatus: Site: babitk-app stopped.
2026-07-19T00:11:06.8961438+00:00 ContainerStatus: State: Starting, Action: EstablishingSiteNetworks, LastError: ContainerTimeout, LastErrorTimestamp: 07/19/2026 00:10:12, LastErrorDetails: Container did not start within expected time limit of 600s. Please inspect your container logs for more details., Details: Site stopped at 07/19/2026 00:10:19 (UTC), DetailsLevel: ERR
2026-07-19T00:11:07.7535986+00:00 ContainerStatus: State: Starting, Action: StartingSiteContainers, LastError: ContainerTimeout, LastErrorTimestamp: 07/19/2026 00:10:12, LastErrorDetails: Container did not start within expected time limit of 600s. Please inspect your container logs for more details., Details: Site stopped at 07/19/2026 00:10:19 (UTC), DetailsLevel: ERR
2026-07-19T00:11:07.7536757+00:00 ContainerStatus: Container start method called.
2026-07-19T00:11:07.7537004+00:00 ContainerStatus: State: Starting, Action: PullingImage, LastError: ContainerTimeout, LastErrorTimestamp: 07/19/2026 00:10:12, LastErrorDetails: Container did not start within expected time limit of 600s. Please inspect your container logs for more details., Details: Pulling image 10.1.0.4:13209/appsvc/node:22-lts_20260504.4.tuxprod for babitk-app., DetailsLevel: INFO
2026-07-19T00:11:07.7537505+00:00 ContainerStatus: Establishing network.
2026-07-19T00:11:07.7538027+00:00 ContainerStatus: Pulling image: appsvc/node:22-lts_20260504.4.tuxprod.
2026-07-19T00:11:08.0265436+00:00 ContainerStatus: Container is starting.
2026-07-19T00:11:08.0437408+00:00 ContainerStatus: State: Starting, Action: MountingVolumes, LastError: ContainerTimeout, LastErrorTimestamp: 07/19/2026 00:10:12, LastErrorDetails: Container did not start within expected time limit of 600s. Please inspect your container logs for more details., Details: Mounting volumes for babitk-app., DetailsLevel: INFO
2026-07-19T00:11:08.0438734+00:00 ContainerStatus: Establishing user namespace if not established already.
2026-07-19T00:11:08.0439517+00:00 ContainerStatus: Establishing network if not established already.
2026-07-19T00:11:08.0440276+00:00 ContainerStatus: Mounting volumes.
2026-07-19T00:11:08.0441158+00:00 ContainerStatus: Nested mountpoint 
2026-07-19T00:11:08.0556828+00:00 ContainerStatus: Nested mountpoint volatile/logs
2026-07-19T00:11:08.0759677+00:00 ContainerStatus: Nested mountpoint 
2026-07-19T00:11:08.0763389+00:00 ContainerStatus: Nested mountpoint 
2026-07-19T00:11:08.1056047+00:00 ContainerStatus: Nested mountpoint 
2026-07-19T00:11:08.2656730+00:00 ContainerStatus: Nested mountpoint 
2026-07-19T00:11:08.4257294+00:00 ContainerStatus: State: Starting, Action: CreatingContainer, LastError: ContainerTimeout, LastErrorTimestamp: 07/19/2026 00:10:12, LastErrorDetails: Container did not start within expected time limit of 600s. Please inspect your container logs for more details., Details: Finished pulling container image and mounting volumes for babitk-app. Allocatinng the rest of the container resources to finish container creation., DetailsLevel: INFO
2026-07-19T00:11:08.4258717+00:00 ContainerStatus: Creating container.
2026-07-19T00:11:08.4259540+00:00 ContainerStatus: Creating pipes for streaming container io.
2026-07-19T00:11:08.4260312+00:00 ContainerStatus: Creating stdout named pipe at /podr/container/pipe/9fa40b904f90_babitk-app/stdout_8a721d583660480f86e3a245376711eb.
2026-07-19T00:11:08.4348536+00:00 ContainerStatus: Successfully created stdout named pipe at: /podr/container/pipe/9fa40b904f90_babitk-app/stdout_8a721d583660480f86e3a245376711eb.
2026-07-19T00:11:08.4351770+00:00 ContainerStatus: Opening named pipe /podr/container/pipe/9fa40b904f90_babitk-app/stdout_8a721d583660480f86e3a245376711eb for reading in non-blocking mode.
2026-07-19T00:11:08.4354462+00:00 ContainerStatus: Successfully opened named pipe: /podr/container/pipe/9fa40b904f90_babitk-app/stdout_8a721d583660480f86e3a245376711eb.
2026-07-19T00:11:08.4356893+00:00 ContainerStatus: Successfully removed non-blocking flag from /podr/container/pipe/9fa40b904f90_babitk-app/stdout_8a721d583660480f86e3a245376711eb.
2026-07-19T00:11:08.4435787+00:00 ContainerStatus: Creating stderr named pipe at /podr/container/pipe/9fa40b904f90_babitk-app/stderr_eabbff47f5f64a3b8a05c85093b25092.
2026-07-19T00:11:08.4436954+00:00 ContainerStatus: Successfully created stderr named pipe at: /podr/container/pipe/9fa40b904f90_babitk-app/stderr_eabbff47f5f64a3b8a05c85093b25092.
2026-07-19T00:11:08.4437853+00:00 ContainerStatus: Opening named pipe /podr/container/pipe/9fa40b904f90_babitk-app/stderr_eabbff47f5f64a3b8a05c85093b25092 for reading in non-blocking mode.
2026-07-19T00:11:08.4438509+00:00 ContainerStatus: Successfully opened named pipe: /podr/container/pipe/9fa40b904f90_babitk-app/stderr_eabbff47f5f64a3b8a05c85093b25092.
2026-07-19T00:11:08.4439042+00:00 ContainerStatus: Successfully removed non-blocking flag from /podr/container/pipe/9fa40b904f90_babitk-app/stderr_eabbff47f5f64a3b8a05c85093b25092.
2026-07-19T00:11:08.4439785+00:00 ContainerStatus: Creating container with image: appsvc/node:22-lts_20260504.4.tuxprod from registry: 10.1.0.4:13209 and fully qualified image name: 10.1.0.4:13209/appsvc/node:22-lts_20260504.4.tuxprod
2026-07-19T00:11:08.7001340+00:00 ContainerStatus: Starting container: 9fa40b904f90_babitk-app.
2026-07-19T00:11:08.8362285+00:00 ContainerStatus: Starting watchers and probes.
2026-07-19T00:11:08.8374205+00:00 ContainerStatus: Starting metrics collection.
2026-07-19T00:11:08.8379470+00:00 ContainerStatus: Container is running.
2026-07-19T00:11:08.8383770+00:00 ContainerStatus: State: Starting, Action: CreatingContainer, LastError: ContainerTimeout, LastErrorTimestamp: 07/19/2026 00:10:12, LastErrorDetails: Container did not start within expected time limit of 600s. Please inspect your container logs for more details., Details: Container babitk-app successfully created and is running., DetailsLevel: INFO
2026-07-19T00:11:08.9060083+00:00 ContainerStatus: Container start method finished after 1151 ms.
2026-07-19T00:11:08.9336966+00:00 ContainerStatus: State: Starting, Action: InitiatingSiteWarmUpProbe, LastError: ContainerTimeout, LastErrorTimestamp: 07/19/2026 00:10:12, LastErrorDetails: Container did not start within expected time limit of 600s. Please inspect your container logs for more details., Details: Container babitk-app successfully created and is running., DetailsLevel: INFO
2026-07-19T00:11:08.9337521+00:00 ContainerStatus: State: Starting, Action: WaitingForSiteWarmUpProbeSuccess, LastError: ContainerTimeout, LastErrorTimestamp: 07/19/2026 00:10:12, LastErrorDetails: Container did not start within expected time limit of 600s. Please inspect your container logs for more details., Details: Pinging warmup path to ensure container is ready to receive requests., DetailsLevel: INFO
2026-07-19T00:11:09.1659586+00:00 ContainerStream:    _____                               
2026-07-19T00:11:09.1661124+00:00 ContainerStream:   /  _  \ __________ _________   ____  
2026-07-19T00:11:09.1661159+00:00 ContainerStream:  /  /_\  \\___   /  |  \_  __ \_/ __ \ 
2026-07-19T00:11:09.1661179+00:00 ContainerStream: /    |    \/    /|  |  /|  | \/\  ___/ 
2026-07-19T00:11:09.1661236+00:00 ContainerStream: \____|__  /_____ \____/ |__|    \___  >
2026-07-19T00:11:09.1661261+00:00 ContainerStream:         \/      \/                  \/ 
2026-07-19T00:11:09.1661279+00:00 ContainerStream: A P P   S E R V I C E   O N   L I N U X
2026-07-19T00:11:09.1661294+00:00 ContainerStream: 
2026-07-19T00:11:09.1661315+00:00 ContainerStream: Documentation    : http://aka.ms/webapp-linux
2026-07-19T00:11:09.1661336+00:00 ContainerStream: NodeJS quickstart: https://aka.ms/node-qs
2026-07-19T00:11:09.1661365+00:00 ContainerStream: NodeJS Version   : v22.22.2
2026-07-19T00:11:09.1661384+00:00 ContainerStream: Instance Name    : lw1sdlwk0000OJ
2026-07-19T00:11:09.1661405+00:00 ContainerStream: Instance Id      : e853b0d521c13ae8cb31bbb09a3a1872c5b2865061d0d453c8b371a72b35cb7a
2026-07-19T00:11:09.1661421+00:00 ContainerStream: 
2026-07-19T00:11:09.1661438+00:00 ContainerStream: Note: Any data outside '/home' is not persisted
2026-07-19T00:11:12.3425683+00:00 ContainerStream: Starting OpenBSD Secure Shell server: sshd.
2026-07-19T00:11:12.3552988+00:00 ContainerStream: WEBSITES_INCLUDE_CLOUD_CERTS is not set to true.
2026-07-19T00:11:12.4032088+00:00 ContainerStream: Updating certificates in /etc/ssl/certs...
2026-07-19T00:11:25.6199711+00:00 ContainerStream: rehash: warning: skipping duplicate certificate in azl_SSL.com_TLS_ECC_Root_CA_2022.pem
2026-07-19T00:11:25.6210557+00:00 ContainerStream: rehash: warning: skipping duplicate certificate in azl_SSL.com_TLS_RSA_Root_CA_2022.pem
2026-07-19T00:11:25.8102586+00:00 ContainerStream: rehash: warning: skipping ca-certificates.crt,it does not contain exactly one certificate or CRL
2026-07-19T00:11:25.8701463+00:00 ContainerStream: 4 added, 0 removed; done.
2026-07-19T00:11:25.8805734+00:00 ContainerStream: Running hooks in /etc/ca-certificates/update.d...
2026-07-19T00:11:25.8900658+00:00 ContainerStream: done.
2026-07-19T00:11:25.9092739+00:00 ContainerStream: CA certificates copied and updated successfully.
2026-07-19T00:11:26.1505387+00:00 ContainerStream: Starting periodic command scheduler: cron.
2026-07-19T00:11:26.2820853+00:00 ContainerStream: Could not find build manifest file at '/home/site/wwwroot/oryx-manifest.toml'
2026-07-19T00:11:26.2891753+00:00 ContainerStream: Could not find operation ID in manifest. Generating an operation id...
2026-07-19T00:11:26.2900801+00:00 ContainerStream: Build Operation ID: 367b2cee-e518-4171-847b-08453d359b6d
2026-07-19T00:11:26.5911170+00:00 ContainerStream: Environment Variables for Application Insight's IPA Codeless Configuration exists..
2026-07-19T00:11:26.6323844+00:00 ContainerStream: Writing output script to '/opt/startup/startup.sh'
2026-07-19T00:11:26.7723121+00:00 ContainerStream: Running #!/bin/sh
2026-07-19T00:11:26.7723721+00:00 ContainerStream: 
2026-07-19T00:11:26.7723749+00:00 ContainerStream: # Enter the source directory to make sure the script runs where the user expects
2026-07-19T00:11:26.7723778+00:00 ContainerStream: cd "/home/site/wwwroot"
2026-07-19T00:11:26.7723795+00:00 ContainerStream: 
2026-07-19T00:11:26.7723813+00:00 ContainerStream: export NODE_PATH=/usr/local/lib/node_modules:$NODE_PATH
2026-07-19T00:11:26.7723831+00:00 ContainerStream: if [ -z "$PORT" ]; then
2026-07-19T00:11:26.7723848+00:00 ContainerStream: 		export PORT=8080
2026-07-19T00:11:26.7723880+00:00 ContainerStream: fi
2026-07-19T00:11:26.7723896+00:00 ContainerStream: 
2026-07-19T00:11:26.7723915+00:00 ContainerStream: PATH="$PATH:/home/site/wwwroot" node /home/site/wwwroot/server.mjs
2026-07-19T00:11:28.2703825+00:00 ContainerStream: [babitk-web] listening on 8080 root=/home/site/wwwroot
2026-07-19T00:11:29.0503180+00:00 ContainerStatus: Site startup probe succeeded after 20.0845079 seconds.
2026-07-19T00:11:29.2377726+00:00 ContainerStatus: State: Starting, Action: WarmUpProbeSucceeded, LastError: ContainerTimeout, LastErrorTimestamp: 07/19/2026 00:10:12, LastErrorDetails: Container did not start within expected time limit of 600s. Please inspect your container logs for more details., Details: Site startup probe succeeded after 20.0845079 seconds., DetailsLevel: INFO
========== New Cold Start Attempt (2026-07-19T00:11:29.5296670+00:00) ==========
2026-07-19T00:11:29.5296670+00:00 ContainerStatus: Site is running with deployment version: 8f3a960b-0395-42a5-9f7d-be1c746ebdb8
2026-07-19T00:11:29.5306078+00:00 ContainerStatus: Site started.
2026-07-19T00:11:29.5307259+00:00 ContainerStatus: State: Started, Action: None, LastError: ContainerTimeout, LastErrorTimestamp: 07/19/2026 00:10:12, LastErrorDetails: Container did not start within expected time limit of 600s. Please inspect your container logs for more details., Details: Site started at 07/19/2026 00:11:29 (UTC), DetailsLevel: INFO
2026-07-19T00:11:29.5993119+00:00 ContainerStatus: Site is running with patch version NODE-22.22.2
2026-07-19T00:17:32.6524087+00:00 ContainerStatus: State: Starting, Action: EstablishingSiteNetworks, LastError: , LastErrorTimestamp: 01/01/0001 00:00:00, LastErrorDetails: , Details: , DetailsLevel: INFO
2026-07-19T00:17:35.2023259+00:00 ContainerStatus: State: Starting, Action: StartingSiteContainers, LastError: , LastErrorTimestamp: 01/01/0001 00:00:00, LastErrorDetails: , Details: , DetailsLevel: INFO
2026-07-19T00:17:35.2024801+00:00 ContainerStatus: Container start method called.
2026-07-19T00:17:35.2025227+00:00 ContainerStatus: State: Starting, Action: PullingImage, LastError: , LastErrorTimestamp: 01/01/0001 00:00:00, LastErrorDetails: , Details: Pulling image 10.1.0.4:13209/appsvc/node:22-lts_20260504.4.tuxprod for babitk-app., DetailsLevel: INFO
2026-07-19T00:17:35.2025914+00:00 ContainerStatus: Establishing network.
2026-07-19T00:17:35.2026591+00:00 ContainerStatus: Pulling image: appsvc/node:22-lts_20260504.4.tuxprod.
2026-07-19T00:17:36.5414113+00:00 ContainerStatus: Container is starting.
2026-07-19T00:17:36.5416277+00:00 ContainerStatus: State: Starting, Action: MountingVolumes, LastError: , LastErrorTimestamp: 01/01/0001 00:00:00, LastErrorDetails: , Details: Mounting volumes for babitk-app., DetailsLevel: INFO
2026-07-19T00:17:36.5417085+00:00 ContainerStatus: Establishing user namespace if not established already.
2026-07-19T00:17:36.5417748+00:00 ContainerStatus: Establishing network if not established already.
2026-07-19T00:17:36.5418339+00:00 ContainerStatus: Mounting volumes.
2026-07-19T00:17:36.5419163+00:00 ContainerStatus: Nested mountpoint 
2026-07-19T00:17:36.5628608+00:00 ContainerStatus: Nested mountpoint volatile/logs
2026-07-19T00:17:36.6110012+00:00 ContainerStatus: Nested mountpoint 
2026-07-19T00:17:36.6113927+00:00 ContainerStatus: Nested mountpoint 
2026-07-19T00:17:36.6133558+00:00 ContainerStatus: Nested mountpoint 
2026-07-19T00:17:36.6605816+00:00 ContainerStatus: Nested mountpoint 
2026-07-19T00:17:37.2702894+00:00 ContainerStatus: State: Starting, Action: CreatingContainer, LastError: , LastErrorTimestamp: 01/01/0001 00:00:00, LastErrorDetails: , Details: Finished pulling container image and mounting volumes for babitk-app. Allocatinng the rest of the container resources to finish container creation., DetailsLevel: INFO
2026-07-19T00:17:37.2703590+00:00 ContainerStatus: Creating container.
2026-07-19T00:17:37.2704079+00:00 ContainerStatus: Creating pipes for streaming container io.
2026-07-19T00:17:37.2704579+00:00 ContainerStatus: Creating stdout named pipe at /podr/container/pipe/574df972f27a_babitk-app/stdout_5168789eed61404f96ad73ecbb8af069.
2026-07-19T00:17:37.2705676+00:00 ContainerStatus: Successfully created stdout named pipe at: /podr/container/pipe/574df972f27a_babitk-app/stdout_5168789eed61404f96ad73ecbb8af069.
2026-07-19T00:17:37.2706177+00:00 ContainerStatus: Opening named pipe /podr/container/pipe/574df972f27a_babitk-app/stdout_5168789eed61404f96ad73ecbb8af069 for reading in non-blocking mode.
2026-07-19T00:17:37.2706764+00:00 ContainerStatus: Successfully opened named pipe: /podr/container/pipe/574df972f27a_babitk-app/stdout_5168789eed61404f96ad73ecbb8af069.
2026-07-19T00:17:37.2707240+00:00 ContainerStatus: Successfully removed non-blocking flag from /podr/container/pipe/574df972f27a_babitk-app/stdout_5168789eed61404f96ad73ecbb8af069.
2026-07-19T00:17:37.2707861+00:00 ContainerStatus: Creating stderr named pipe at /podr/container/pipe/574df972f27a_babitk-app/stderr_5ab533234eb5403ab74121e56d47d10e.
2026-07-19T00:17:37.2708575+00:00 ContainerStatus: Successfully created stderr named pipe at: /podr/container/pipe/574df972f27a_babitk-app/stderr_5ab533234eb5403ab74121e56d47d10e.
2026-07-19T00:17:37.2709036+00:00 ContainerStatus: Opening named pipe /podr/container/pipe/574df972f27a_babitk-app/stderr_5ab533234eb5403ab74121e56d47d10e for reading in non-blocking mode.
2026-07-19T00:17:37.2709600+00:00 ContainerStatus: Successfully opened named pipe: /podr/container/pipe/574df972f27a_babitk-app/stderr_5ab533234eb5403ab74121e56d47d10e.
2026-07-19T00:17:37.2710051+00:00 ContainerStatus: Successfully removed non-blocking flag from /podr/container/pipe/574df972f27a_babitk-app/stderr_5ab533234eb5403ab74121e56d47d10e.
2026-07-19T00:17:37.3291047+00:00 ContainerStatus: Creating container with image: appsvc/node:22-lts_20260504.4.tuxprod from registry: 10.1.0.4:13209 and fully qualified image name: 10.1.0.4:13209/appsvc/node:22-lts_20260504.4.tuxprod
2026-07-19T00:17:38.4657326+00:00 ContainerStatus: Starting container: 574df972f27a_babitk-app.
2026-07-19T00:17:38.6157856+00:00 ContainerStatus: Starting watchers and probes.
2026-07-19T00:17:38.6166224+00:00 ContainerStatus: Starting metrics collection.
2026-07-19T00:17:38.6172911+00:00 ContainerStatus: Container is running.
2026-07-19T00:17:38.6173802+00:00 ContainerStatus: State: Starting, Action: CreatingContainer, LastError: , LastErrorTimestamp: 01/01/0001 00:00:00, LastErrorDetails: , Details: Container babitk-app successfully created and is running., DetailsLevel: INFO
2026-07-19T00:17:38.8960098+00:00 ContainerStatus: Container start method finished after 3693 ms.
2026-07-19T00:17:38.8961231+00:00 ContainerStatus: State: Starting, Action: InitiatingSiteWarmUpProbe, LastError: , LastErrorTimestamp: 01/01/0001 00:00:00, LastErrorDetails: , Details: Container babitk-app successfully created and is running., DetailsLevel: INFO
2026-07-19T00:17:38.8961384+00:00 ContainerStatus: State: Starting, Action: WaitingForSiteWarmUpProbeSuccess, LastError: , LastErrorTimestamp: 01/01/0001 00:00:00, LastErrorDetails: , Details: Pinging warmup path to ensure container is ready to receive requests., DetailsLevel: INFO
2026-07-19T00:17:39.4765816+00:00 ContainerStream:    _____                               
2026-07-19T00:17:39.4767330+00:00 ContainerStream:   /  _  \ __________ _________   ____  
2026-07-19T00:17:39.4767367+00:00 ContainerStream:  /  /_\  \\___   /  |  \_  __ \_/ __ \ 
2026-07-19T00:17:39.4767388+00:00 ContainerStream: /    |    \/    /|  |  /|  | \/\  ___/ 
2026-07-19T00:17:39.4767408+00:00 ContainerStream: \____|__  /_____ \____/ |__|    \___  >
2026-07-19T00:17:39.4767432+00:00 ContainerStream:         \/      \/                  \/ 
2026-07-19T00:17:39.4767472+00:00 ContainerStream: A P P   S E R V I C E   O N   L I N U X
2026-07-19T00:17:39.4767489+00:00 ContainerStream: 
2026-07-19T00:17:39.4770712+00:00 ContainerStream: Documentation    : http://aka.ms/webapp-linux
2026-07-19T00:17:39.4770751+00:00 ContainerStream: NodeJS quickstart: https://aka.ms/node-qs
2026-07-19T00:17:39.4770775+00:00 ContainerStream: NodeJS Version   : v22.22.2
2026-07-19T00:17:39.4770793+00:00 ContainerStream: Instance Name    : lw1sdlwk0000OJ
2026-07-19T00:17:39.4770820+00:00 ContainerStream: Instance Id      : e853b0d521c13ae8cb31bbb09a3a1872c5b2865061d0d453c8b371a72b35cb7a
2026-07-19T00:17:39.4770856+00:00 ContainerStream: 
2026-07-19T00:17:39.4770874+00:00 ContainerStream: Note: Any data outside '/home' is not persisted
2026-07-19T00:17:42.7758365+00:00 ContainerStream: Starting OpenBSD Secure Shell server: sshd.
2026-07-19T00:17:42.7871434+00:00 ContainerStream: WEBSITES_INCLUDE_CLOUD_CERTS is not set to true.
2026-07-19T00:17:42.9478232+00:00 ContainerStream: Updating certificates in /etc/ssl/certs...
2026-07-19T00:18:03.0566332+00:00 ContainerStream: rehash: warning: skipping duplicate certificate in azl_SSL.com_TLS_ECC_Root_CA_2022.pem
2026-07-19T00:18:03.0660435+00:00 ContainerStream: rehash: warning: skipping duplicate certificate in azl_SSL.com_TLS_RSA_Root_CA_2022.pem
2026-07-19T00:18:03.7732968+00:00 ContainerStream: rehash: warning: skipping ca-certificates.crt,it does not contain exactly one certificate or CRL
2026-07-19T00:18:03.8654461+00:00 ContainerStream: 4 added, 0 removed; done.
2026-07-19T00:18:03.8730367+00:00 ContainerStream: Running hooks in /etc/ca-certificates/update.d...
2026-07-19T00:18:03.8954680+00:00 ContainerStream: done.
2026-07-19T00:18:03.9140997+00:00 ContainerStream: CA certificates copied and updated successfully.
2026-07-19T00:18:04.7731193+00:00 ContainerStream: Starting periodic command scheduler: cron.
2026-07-19T00:18:06.3536819+00:00 ContainerStream: Could not find build manifest file at '/home/site/wwwroot/oryx-manifest.toml'
2026-07-19T00:18:06.3539990+00:00 ContainerStream: Could not find operation ID in manifest. Generating an operation id...
2026-07-19T00:18:06.3541261+00:00 ContainerStream: Build Operation ID: 3b8d74ad-04fa-4745-aedd-00866b7621ce
2026-07-19T00:18:07.7516710+00:00 ContainerStream: Environment Variables for Application Insight's IPA Codeless Configuration exists..
2026-07-19T00:18:07.8028773+00:00 ContainerStream: Writing output script to '/opt/startup/startup.sh'
2026-07-19T00:18:07.9040489+00:00 ContainerStream: Running #!/bin/sh
2026-07-19T00:18:07.9041015+00:00 ContainerStream: 
2026-07-19T00:18:07.9041046+00:00 ContainerStream: # Enter the source directory to make sure the script runs where the user expects
2026-07-19T00:18:07.9041076+00:00 ContainerStream: cd "/home/site/wwwroot"
2026-07-19T00:18:07.9041093+00:00 ContainerStream: 
2026-07-19T00:18:07.9041112+00:00 ContainerStream: export NODE_PATH=/usr/local/lib/node_modules:$NODE_PATH
2026-07-19T00:18:07.9041131+00:00 ContainerStream: if [ -z "$PORT" ]; then
2026-07-19T00:18:07.9041147+00:00 ContainerStream: 		export PORT=8080
2026-07-19T00:18:07.9041175+00:00 ContainerStream: fi
2026-07-19T00:18:07.9041190+00:00 ContainerStream: 
2026-07-19T00:18:07.9041208+00:00 ContainerStream: PATH="$PATH:/home/site/wwwroot" node /home/site/wwwroot/server.mjs
2026-07-19T00:18:11.3795254+00:00 ContainerStream: [babitk-web] listening on 8080 root=/home/site/wwwroot
2026-07-19T00:18:12.1500339+00:00 ContainerStatus: Site startup probe succeeded after 33.1615096 seconds.
2026-07-19T00:18:12.4099401+00:00 ContainerStatus: State: Starting, Action: WarmUpProbeSucceeded, LastError: , LastErrorTimestamp: 01/01/0001 00:00:00, LastErrorDetails: , Details: Site startup probe succeeded after 33.1615096 seconds., DetailsLevel: INFO
2026-07-19T00:18:12.9280933+00:00 ContainerStatus: Site is running with deployment version: 8f3a960b-0395-42a5-9f7d-be1c746ebdb8
2026-07-19T00:18:12.9366440+00:00 ContainerStatus: Site started.
2026-07-19T00:18:12.9370122+00:00 ContainerStatus: State: Started, Action: None, LastError: , LastErrorTimestamp: 01/01/0001 00:00:00, LastErrorDetails: , Details: Site started at 07/19/2026 00:18:12 (UTC), DetailsLevel: INFO
2026-07-19T00:18:12.9486396+00:00 ContainerStatus: Site is running with patch version NODE-22.22.2
========== New Cold Start Attempt (2026-07-19T00:18:33.3208008+00:00) ==========
2026-07-19T00:18:33.3208008+00:00 ContainerStatus: State: Stopping, Action: StoppingSiteContainers, LastError: ContainerTimeout, LastErrorTimestamp: 07/19/2026 00:10:12, LastErrorDetails: Container did not start within expected time limit of 600s. Please inspect your container logs for more details., Details: Site started at 07/19/2026 00:11:29 (UTC), DetailsLevel: INFO
2026-07-19T00:18:33.3296312+00:00 ContainerStatus: Container is terminating. Grace period: 5 seconds.
2026-07-19T00:18:33.6285630+00:00 ContainerStatus: Stop and delete container. Retry count = 0
2026-07-19T00:18:33.6295371+00:00 ContainerStatus: Stopping container: 9fa40b904f90_babitk-app.
2026-07-19T00:18:38.5700155+00:00 ContainerStatus: Deleting container: 9fa40b904f90_babitk-app. Retry count = 0
2026-07-19T00:18:38.8195253+00:00 ContainerStatus: Container spec TerminationMessagePolicy  path 
2026-07-19T00:18:38.8205668+00:00 ContainerStatus: Container is terminated. Total time elapsed: 5480 ms.
2026-07-19T00:18:38.8372755+00:00 ContainerStatus: Site: babitk-app stopped.
2026-07-19T00:18:39.6593578+00:00 ContainerStatus: State: Starting, Action: EstablishingSiteNetworks, LastError: , LastErrorTimestamp: 01/01/0001 00:00:00, LastErrorDetails: , Details: , DetailsLevel: INFO
2026-07-19T00:18:41.6880848+00:00 ContainerStatus: State: Starting, Action: StartingSiteContainers, LastError: , LastErrorTimestamp: 01/01/0001 00:00:00, LastErrorDetails: , Details: , DetailsLevel: INFO
2026-07-19T00:18:41.6882083+00:00 ContainerStatus: Container start method called.
2026-07-19T00:18:41.6883047+00:00 ContainerStatus: State: Starting, Action: PullingImage, LastError: , LastErrorTimestamp: 01/01/0001 00:00:00, LastErrorDetails: , Details: Pulling image 10.1.0.4:13209/appsvc/node:22-lts_20260504.4.tuxprod for babitk-app., DetailsLevel: INFO
2026-07-19T00:18:41.6883853+00:00 ContainerStatus: Establishing network.
2026-07-19T00:18:41.7452154+00:00 ContainerStatus: Pulling image: appsvc/node:22-lts_20260504.4.tuxprod.
2026-07-19T00:18:42.4276689+00:00 ContainerStatus: Container is starting.
2026-07-19T00:18:42.4363592+00:00 ContainerStatus: State: Starting, Action: MountingVolumes, LastError: , LastErrorTimestamp: 01/01/0001 00:00:00, LastErrorDetails: , Details: Mounting volumes for babitk-app., DetailsLevel: INFO
2026-07-19T00:18:42.4364612+00:00 ContainerStatus: Establishing user namespace if not established already.
2026-07-19T00:18:42.4365152+00:00 ContainerStatus: Establishing network if not established already.
2026-07-19T00:18:42.4367532+00:00 ContainerStatus: Mounting volumes.
2026-07-19T00:18:42.4459002+00:00 ContainerStatus: Nested mountpoint 
2026-07-19T00:18:42.6053095+00:00 ContainerStatus: Nested mountpoint volatile/logs
2026-07-19T00:18:42.6371101+00:00 ContainerStatus: Nested mountpoint 
2026-07-19T00:18:42.7270997+00:00 ContainerStatus: Nested mountpoint 
2026-07-19T00:18:42.7274964+00:00 ContainerStatus: Nested mountpoint 
2026-07-19T00:18:42.8270758+00:00 ContainerStatus: Nested mountpoint 
2026-07-19T00:18:43.1163495+00:00 ContainerStatus: State: Starting, Action: CreatingContainer, LastError: , LastErrorTimestamp: 01/01/0001 00:00:00, LastErrorDetails: , Details: Finished pulling container image and mounting volumes for babitk-app. Allocatinng the rest of the container resources to finish container creation., DetailsLevel: INFO
2026-07-19T00:18:43.1164746+00:00 ContainerStatus: Creating container.
2026-07-19T00:18:43.1165359+00:00 ContainerStatus: Creating pipes for streaming container io.
2026-07-19T00:18:43.1165892+00:00 ContainerStatus: Creating stdout named pipe at /podr/container/pipe/f13676af1b02_babitk-app/stdout_a64a5f6b234e42b4a6419db29cf01be3.
2026-07-19T00:18:43.1177438+00:00 ContainerStatus: Successfully created stdout named pipe at: /podr/container/pipe/f13676af1b02_babitk-app/stdout_a64a5f6b234e42b4a6419db29cf01be3.
2026-07-19T00:18:43.1178036+00:00 ContainerStatus: Opening named pipe /podr/container/pipe/f13676af1b02_babitk-app/stdout_a64a5f6b234e42b4a6419db29cf01be3 for reading in non-blocking mode.
2026-07-19T00:18:43.1178639+00:00 ContainerStatus: Successfully opened named pipe: /podr/container/pipe/f13676af1b02_babitk-app/stdout_a64a5f6b234e42b4a6419db29cf01be3.
2026-07-19T00:18:43.1179113+00:00 ContainerStatus: Successfully removed non-blocking flag from /podr/container/pipe/f13676af1b02_babitk-app/stdout_a64a5f6b234e42b4a6419db29cf01be3.
2026-07-19T00:18:43.1353835+00:00 ContainerStatus: Creating stderr named pipe at /podr/container/pipe/f13676af1b02_babitk-app/stderr_675e79fe953c42c5ad26d288c2e18b42.
2026-07-19T00:18:43.1355445+00:00 ContainerStatus: Successfully created stderr named pipe at: /podr/container/pipe/f13676af1b02_babitk-app/stderr_675e79fe953c42c5ad26d288c2e18b42.
2026-07-19T00:18:43.1356015+00:00 ContainerStatus: Opening named pipe /podr/container/pipe/f13676af1b02_babitk-app/stderr_675e79fe953c42c5ad26d288c2e18b42 for reading in non-blocking mode.
2026-07-19T00:18:43.1356635+00:00 ContainerStatus: Successfully opened named pipe: /podr/container/pipe/f13676af1b02_babitk-app/stderr_675e79fe953c42c5ad26d288c2e18b42.
2026-07-19T00:18:43.1357120+00:00 ContainerStatus: Successfully removed non-blocking flag from /podr/container/pipe/f13676af1b02_babitk-app/stderr_675e79fe953c42c5ad26d288c2e18b42.
2026-07-19T00:18:43.1365026+00:00 ContainerStatus: Creating container with image: appsvc/node:22-lts_20260504.4.tuxprod from registry: 10.1.0.4:13209 and fully qualified image name: 10.1.0.4:13209/appsvc/node:22-lts_20260504.4.tuxprod
2026-07-19T00:18:43.7700150+00:00 ContainerStatus: Starting container: f13676af1b02_babitk-app.
2026-07-19T00:18:43.8350386+00:00 ContainerStatus: Starting watchers and probes.
2026-07-19T00:18:43.8445560+00:00 ContainerStatus: Starting metrics collection.
2026-07-19T00:18:43.8448618+00:00 ContainerStatus: Container is running.
2026-07-19T00:18:43.8449422+00:00 ContainerStatus: State: Starting, Action: CreatingContainer, LastError: , LastErrorTimestamp: 01/01/0001 00:00:00, LastErrorDetails: , Details: Container babitk-app successfully created and is running., DetailsLevel: INFO
2026-07-19T00:18:44.0454365+00:00 ContainerStatus: Container start method finished after 2328 ms.
2026-07-19T00:18:44.0466121+00:00 ContainerStatus: State: Starting, Action: InitiatingSiteWarmUpProbe, LastError: , LastErrorTimestamp: 01/01/0001 00:00:00, LastErrorDetails: , Details: Container babitk-app successfully created and is running., DetailsLevel: INFO
2026-07-19T00:18:44.0468827+00:00 ContainerStatus: State: Starting, Action: WaitingForSiteWarmUpProbeSuccess, LastError: , LastErrorTimestamp: 01/01/0001 00:00:00, LastErrorDetails: , Details: Pinging warmup path to ensure container is ready to receive requests., DetailsLevel: INFO
2026-07-19T00:18:44.1260780+00:00 ContainerStream:    _____                               
2026-07-19T00:18:44.1261944+00:00 ContainerStream:   /  _  \ __________ _________   ____  
2026-07-19T00:18:44.1261977+00:00 ContainerStream:  /  /_\  \\___   /  |  \_  __ \_/ __ \ 
2026-07-19T00:18:44.1261995+00:00 ContainerStream: /    |    \/    /|  |  /|  | \/\  ___/ 
2026-07-19T00:18:44.1262012+00:00 ContainerStream: \____|__  /_____ \____/ |__|    \___  >
2026-07-19T00:18:44.1262034+00:00 ContainerStream:         \/      \/                  \/ 
2026-07-19T00:18:44.1262052+00:00 ContainerStream: A P P   S E R V I C E   O N   L I N U X
2026-07-19T00:18:44.1262069+00:00 ContainerStream: 
2026-07-19T00:18:44.1262100+00:00 ContainerStream: Documentation    : http://aka.ms/webapp-linux
2026-07-19T00:18:44.1262121+00:00 ContainerStream: NodeJS quickstart: https://aka.ms/node-qs
2026-07-19T00:18:44.1262139+00:00 ContainerStream: NodeJS Version   : v22.22.2
2026-07-19T00:18:44.1262156+00:00 ContainerStream: Instance Name    : lw1sdlwk0000OJ
2026-07-19T00:18:44.1262178+00:00 ContainerStream: Instance Id      : e853b0d521c13ae8cb31bbb09a3a1872c5b2865061d0d453c8b371a72b35cb7a
2026-07-19T00:18:44.1262193+00:00 ContainerStream: 
2026-07-19T00:18:44.1262218+00:00 ContainerStream: Note: Any data outside '/home' is not persisted
2026-07-19T00:18:47.6036305+00:00 ContainerStream: Starting OpenBSD Secure Shell server: sshd.
2026-07-19T00:18:47.6154548+00:00 ContainerStream: WEBSITES_INCLUDE_CLOUD_CERTS is not set to true.
2026-07-19T00:18:47.6546452+00:00 ContainerStream: Updating certificates in /etc/ssl/certs...
2026-07-19T00:18:58.9686178+00:00 ContainerStream: rehash: warning: skipping duplicate certificate in azl_SSL.com_TLS_ECC_Root_CA_2022.pem
2026-07-19T00:18:58.9770470+00:00 ContainerStream: rehash: warning: skipping duplicate certificate in azl_SSL.com_TLS_RSA_Root_CA_2022.pem
2026-07-19T00:18:59.2079522+00:00 ContainerStream: rehash: warning: skipping ca-certificates.crt,it does not contain exactly one certificate or CRL
2026-07-19T00:18:59.2790241+00:00 ContainerStream: 4 added, 0 removed; done.
2026-07-19T00:18:59.2867715+00:00 ContainerStream: Running hooks in /etc/ca-certificates/update.d...
2026-07-19T00:18:59.2888588+00:00 ContainerStream: done.
2026-07-19T00:18:59.3189979+00:00 ContainerStream: CA certificates copied and updated successfully.
2026-07-19T00:18:59.4780020+00:00 ContainerStream: Starting periodic command scheduler: cron.
2026-07-19T00:18:59.6883971+00:00 ContainerStream: Could not find build manifest file at '/home/site/wwwroot/oryx-manifest.toml'
2026-07-19T00:18:59.6888286+00:00 ContainerStream: Could not find operation ID in manifest. Generating an operation id...
2026-07-19T00:18:59.6889129+00:00 ContainerStream: Build Operation ID: 76b08abd-265f-4e51-a9a9-aef1d53dc48b
2026-07-19T00:18:59.9880366+00:00 ContainerStream: Environment Variables for Application Insight's IPA Codeless Configuration exists..
2026-07-19T00:19:00.0368290+00:00 ContainerStream: Writing output script to '/opt/startup/startup.sh'
2026-07-19T00:19:00.0988530+00:00 ContainerStream: Running #!/bin/sh
2026-07-19T00:19:00.0988981+00:00 ContainerStream: 
2026-07-19T00:19:00.0989056+00:00 ContainerStream: # Enter the source directory to make sure the script runs where the user expects
2026-07-19T00:19:00.0989088+00:00 ContainerStream: cd "/home/site/wwwroot"
2026-07-19T00:19:00.0989105+00:00 ContainerStream: 
2026-07-19T00:19:00.0989122+00:00 ContainerStream: export NODE_PATH=/usr/local/lib/node_modules:$NODE_PATH
2026-07-19T00:19:00.0989139+00:00 ContainerStream: if [ -z "$PORT" ]; then
2026-07-19T00:19:00.0989155+00:00 ContainerStream: 		export PORT=8080
2026-07-19T00:19:00.0989170+00:00 ContainerStream: fi
2026-07-19T00:19:00.0989200+00:00 ContainerStream: 
2026-07-19T00:19:00.1065348+00:00 ContainerStream: PATH="$PATH:/home/site/wwwroot" node /home/site/wwwroot/server.mjs
2026-07-19T00:19:00.5861257+00:00 ContainerStream: [babitk-web] listening on 8080 root=/home/site/wwwroot
2026-07-19T00:19:03.5126565+00:00 ContainerStatus: Site startup probe succeeded after 19.435937 seconds.
2026-07-19T00:19:03.6743625+00:00 ContainerStatus: State: Starting, Action: WarmUpProbeSucceeded, LastError: , LastErrorTimestamp: 01/01/0001 00:00:00, LastErrorDetails: , Details: Site startup probe succeeded after 19.435937 seconds., DetailsLevel: INFO
========== New Cold Start Attempt (2026-07-19T00:19:03.8142841+00:00) ==========
2026-07-19T00:19:03.8142841+00:00 ContainerStatus: Site is running with deployment version: 40f08d24-6e24-4720-b2a2-78cd0153c71e
2026-07-19T00:19:03.8148643+00:00 ContainerStatus: Site started.
2026-07-19T00:19:03.8155977+00:00 ContainerStatus: State: Started, Action: None, LastError: , LastErrorTimestamp: 01/01/0001 00:00:00, LastErrorDetails: , Details: Site started at 07/19/2026 00:19:03 (UTC), DetailsLevel: INFO
2026-07-19T00:19:03.8222536+00:00 ContainerStatus: Site is running with patch version NODE-22.22.2
2026-07-19T00:19:23.8971632+00:00 ContainerStatus: State: Stopping, Action: StoppingSite, LastError: ContainerTimeout, LastErrorTimestamp: 07/19/2026 00:10:12, LastErrorDetails: Container did not start within expected time limit of 600s. Please inspect your container logs for more details., Details: Site started at 07/19/2026 00:18:12 (UTC), DetailsLevel: INFO
2026-07-19T00:19:23.9048611+00:00 ContainerStatus: State: Stopping, Action: StoppingSiteContainers, LastError: ContainerTimeout, LastErrorTimestamp: 07/19/2026 00:10:12, LastErrorDetails: Container did not start within expected time limit of 600s. Please inspect your container logs for more details., Details: Site started at 07/19/2026 00:18:12 (UTC), DetailsLevel: INFO
2026-07-19T00:19:23.9049937+00:00 ContainerStatus: Container is terminating. Grace period: 5 seconds.
2026-07-19T00:19:23.9263877+00:00 ContainerStatus: Stop and delete container. Retry count = 0
2026-07-19T00:19:23.9264571+00:00 ContainerStatus: Stopping container: 574df972f27a_babitk-app.
2026-07-19T00:19:29.4588473+00:00 ContainerStatus: Deleting container: 574df972f27a_babitk-app. Retry count = 0
2026-07-19T00:19:30.3621703+00:00 ContainerStatus: Container spec TerminationMessagePolicy  path 
2026-07-19T00:19:30.3697513+00:00 ContainerStatus: Container is terminated. Total time elapsed: 6463 ms.
2026-07-19T00:19:30.3698797+00:00 ContainerStatus: Site: babitk-app stopped.
2026-07-19T00:19:32.1642172+00:00 ContainerStatus: State: Starting, Action: EstablishingSiteNetworks, LastError: , LastErrorTimestamp: 01/01/0001 00:00:00, LastErrorDetails: , Details: , DetailsLevel: INFO
2026-07-19T00:19:33.5147898+00:00 ContainerStatus: State: Starting, Action: StartingSiteContainers, LastError: , LastErrorTimestamp: 01/01/0001 00:00:00, LastErrorDetails: , Details: , DetailsLevel: INFO
2026-07-19T00:19:33.5148825+00:00 ContainerStatus: Container start method called.
2026-07-19T00:19:33.5149085+00:00 ContainerStatus: State: Starting, Action: PullingImage, LastError: , LastErrorTimestamp: 01/01/0001 00:00:00, LastErrorDetails: , Details: Pulling image 10.1.0.4:13209/appsvc/node:22-lts_20260504.4.tuxprod for babitk-app., DetailsLevel: INFO
2026-07-19T00:19:33.5149581+00:00 ContainerStatus: Establishing network.
2026-07-19T00:19:33.5150093+00:00 ContainerStatus: Pulling image: appsvc/node:22-lts_20260504.4.tuxprod.
2026-07-19T00:19:33.9830406+00:00 ContainerStatus: Container is starting.
2026-07-19T00:19:33.9939583+00:00 ContainerStatus: State: Starting, Action: MountingVolumes, LastError: , LastErrorTimestamp: 01/01/0001 00:00:00, LastErrorDetails: , Details: Mounting volumes for babitk-app., DetailsLevel: INFO
2026-07-19T00:19:33.9941621+00:00 ContainerStatus: Establishing user namespace if not established already.
2026-07-19T00:19:33.9945972+00:00 ContainerStatus: Establishing network if not established already.
2026-07-19T00:19:33.9948330+00:00 ContainerStatus: Mounting volumes.
2026-07-19T00:19:33.9951007+00:00 ContainerStatus: Nested mountpoint 
2026-07-19T00:19:34.0727350+00:00 ContainerStatus: Nested mountpoint volatile/logs
2026-07-19T00:19:34.1626065+00:00 ContainerStatus: Nested mountpoint 
2026-07-19T00:19:34.1630176+00:00 ContainerStatus: Nested mountpoint 
2026-07-19T00:19:34.1634083+00:00 ContainerStatus: Nested mountpoint 
2026-07-19T00:19:34.2542730+00:00 ContainerStatus: Nested mountpoint 
2026-07-19T00:19:34.9636202+00:00 ContainerStatus: State: Starting, Action: CreatingContainer, LastError: , LastErrorTimestamp: 01/01/0001 00:00:00, LastErrorDetails: , Details: Finished pulling container image and mounting volumes for babitk-app. Allocatinng the rest of the container resources to finish container creation., DetailsLevel: INFO
2026-07-19T00:19:34.9639779+00:00 ContainerStatus: Creating container.
2026-07-19T00:19:34.9644549+00:00 ContainerStatus: Creating pipes for streaming container io.
2026-07-19T00:19:34.9648697+00:00 ContainerStatus: Creating stdout named pipe at /podr/container/pipe/3473fddcffea_babitk-app/stdout_03c6e22f254f4c8e85f5ff926b759ca4.
2026-07-19T00:19:34.9651229+00:00 ContainerStatus: Successfully created stdout named pipe at: /podr/container/pipe/3473fddcffea_babitk-app/stdout_03c6e22f254f4c8e85f5ff926b759ca4.
2026-07-19T00:19:34.9651993+00:00 ContainerStatus: Opening named pipe /podr/container/pipe/3473fddcffea_babitk-app/stdout_03c6e22f254f4c8e85f5ff926b759ca4 for reading in non-blocking mode.
2026-07-19T00:19:34.9652968+00:00 ContainerStatus: Successfully opened named pipe: /podr/container/pipe/3473fddcffea_babitk-app/stdout_03c6e22f254f4c8e85f5ff926b759ca4.
2026-07-19T00:19:35.0233200+00:00 ContainerStatus: Successfully removed non-blocking flag from /podr/container/pipe/3473fddcffea_babitk-app/stdout_03c6e22f254f4c8e85f5ff926b759ca4.
2026-07-19T00:19:35.0337584+00:00 ContainerStatus: Creating stderr named pipe at /podr/container/pipe/3473fddcffea_babitk-app/stderr_cab3988f0cb64c54ab65168ccd71a092.
2026-07-19T00:19:35.0340723+00:00 ContainerStatus: Successfully created stderr named pipe at: /podr/container/pipe/3473fddcffea_babitk-app/stderr_cab3988f0cb64c54ab65168ccd71a092.
2026-07-19T00:19:35.0341970+00:00 ContainerStatus: Opening named pipe /podr/container/pipe/3473fddcffea_babitk-app/stderr_cab3988f0cb64c54ab65168ccd71a092 for reading in non-blocking mode.
2026-07-19T00:19:35.0343424+00:00 ContainerStatus: Successfully opened named pipe: /podr/container/pipe/3473fddcffea_babitk-app/stderr_cab3988f0cb64c54ab65168ccd71a092.
2026-07-19T00:19:35.0344202+00:00 ContainerStatus: Successfully removed non-blocking flag from /podr/container/pipe/3473fddcffea_babitk-app/stderr_cab3988f0cb64c54ab65168ccd71a092.
2026-07-19T00:19:35.0346190+00:00 ContainerStatus: Creating container with image: appsvc/node:22-lts_20260504.4.tuxprod from registry: 10.1.0.4:13209 and fully qualified image name: 10.1.0.4:13209/appsvc/node:22-lts_20260504.4.tuxprod
2026-07-19T00:19:35.6527255+00:00 ContainerStatus: Starting container: 3473fddcffea_babitk-app.
2026-07-19T00:19:35.6937702+00:00 ContainerStatus: Starting watchers and probes.
2026-07-19T00:19:35.6940164+00:00 ContainerStatus: Starting metrics collection.
2026-07-19T00:19:35.6945710+00:00 ContainerStatus: Container is running.
2026-07-19T00:19:35.7016018+00:00 ContainerStatus: State: Starting, Action: CreatingContainer, LastError: , LastErrorTimestamp: 01/01/0001 00:00:00, LastErrorDetails: , Details: Container babitk-app successfully created and is running., DetailsLevel: INFO
2026-07-19T00:19:35.9944742+00:00 ContainerStatus: Container start method finished after 2479 ms.
2026-07-19T00:19:36.0325207+00:00 ContainerStatus: State: Starting, Action: InitiatingSiteWarmUpProbe, LastError: , LastErrorTimestamp: 01/01/0001 00:00:00, LastErrorDetails: , Details: Container babitk-app successfully created and is running., DetailsLevel: INFO
2026-07-19T00:19:36.0326068+00:00 ContainerStatus: State: Starting, Action: WaitingForSiteWarmUpProbeSuccess, LastError: , LastErrorTimestamp: 01/01/0001 00:00:00, LastErrorDetails: , Details: Pinging warmup path to ensure container is ready to receive requests., DetailsLevel: INFO
2026-07-19T00:19:36.3211581+00:00 ContainerStream:    _____                               
2026-07-19T00:19:36.3212828+00:00 ContainerStream:   /  _  \ __________ _________   ____  
2026-07-19T00:19:36.3212897+00:00 ContainerStream:  /  /_\  \\___   /  |  \_  __ \_/ __ \ 
2026-07-19T00:19:36.3212916+00:00 ContainerStream: /    |    \/    /|  |  /|  | \/\  ___/ 
2026-07-19T00:19:36.3212933+00:00 ContainerStream: \____|__  /_____ \____/ |__|    \___  >
2026-07-19T00:19:36.3212955+00:00 ContainerStream:         \/      \/                  \/ 
2026-07-19T00:19:36.3212973+00:00 ContainerStream: A P P   S E R V I C E   O N   L I N U X
2026-07-19T00:19:36.3212988+00:00 ContainerStream: 
2026-07-19T00:19:36.3213023+00:00 ContainerStream: Documentation    : http://aka.ms/webapp-linux
2026-07-19T00:19:36.3213045+00:00 ContainerStream: NodeJS quickstart: https://aka.ms/node-qs
2026-07-19T00:19:36.3213062+00:00 ContainerStream: NodeJS Version   : v22.22.2
2026-07-19T00:19:36.3213080+00:00 ContainerStream: Instance Name    : lw1sdlwk0000OJ
2026-07-19T00:19:36.3213100+00:00 ContainerStream: Instance Id      : e853b0d521c13ae8cb31bbb09a3a1872c5b2865061d0d453c8b371a72b35cb7a
2026-07-19T00:19:36.3213117+00:00 ContainerStream: 
2026-07-19T00:19:36.3213134+00:00 ContainerStream: Note: Any data outside '/home' is not persisted
2026-07-19T00:19:44.3765497+00:00 ContainerStream: Starting OpenBSD Secure Shell server: sshd.
2026-07-19T00:19:44.3967922+00:00 ContainerStream: WEBSITES_INCLUDE_CLOUD_CERTS is not set to true.
2026-07-19T00:19:44.4461534+00:00 ContainerStream: Updating certificates in /etc/ssl/certs...
2026-07-19T00:20:06.2636663+00:00 ContainerStream: rehash: warning: skipping duplicate certificate in azl_SSL.com_TLS_ECC_Root_CA_2022.pem
2026-07-19T00:20:06.2637205+00:00 ContainerStream: rehash: warning: skipping duplicate certificate in azl_SSL.com_TLS_RSA_Root_CA_2022.pem
2026-07-19T00:20:07.0137521+00:00 ContainerStream: rehash: warning: skipping ca-certificates.crt,it does not contain exactly one certificate or CRL
2026-07-19T00:20:07.1430241+00:00 ContainerStream: 4 added, 0 removed; done.
2026-07-19T00:20:07.1430655+00:00 ContainerStream: Running hooks in /etc/ca-certificates/update.d...
2026-07-19T00:20:07.1445147+00:00 ContainerStream: done.
2026-07-19T00:20:07.1738074+00:00 ContainerStream: CA certificates copied and updated successfully.
2026-07-19T00:20:07.4503030+00:00 ContainerStream: Starting periodic command scheduler: cron.
2026-07-19T00:20:07.7711995+00:00 ContainerStream: Could not find build manifest file at '/home/site/wwwroot/oryx-manifest.toml'
2026-07-19T00:20:07.7791193+00:00 ContainerStream: Could not find operation ID in manifest. Generating an operation id...
2026-07-19T00:20:07.7794091+00:00 ContainerStream: Build Operation ID: b08824c9-fd6a-47e7-b0ea-3de6d8ddc0da
2026-07-19T00:20:08.2226387+00:00 ContainerStream: Environment Variables for Application Insight's IPA Codeless Configuration exists..
2026-07-19T00:20:08.2604377+00:00 ContainerStream: Writing output script to '/opt/startup/startup.sh'
2026-07-19T00:20:08.3475157+00:00 ContainerStream: Running #!/bin/sh
2026-07-19T00:20:08.3476622+00:00 ContainerStream: 
2026-07-19T00:20:08.3476713+00:00 ContainerStream: # Enter the source directory to make sure the script runs where the user expects
2026-07-19T00:20:08.3476743+00:00 ContainerStream: cd "/home/site/wwwroot"
2026-07-19T00:20:08.3476759+00:00 ContainerStream: 
2026-07-19T00:20:08.3476777+00:00 ContainerStream: export NODE_PATH=/usr/local/lib/node_modules:$NODE_PATH
2026-07-19T00:20:08.3476794+00:00 ContainerStream: if [ -z "$PORT" ]; then
2026-07-19T00:20:08.3476811+00:00 ContainerStream: 		export PORT=8080
2026-07-19T00:20:08.3476826+00:00 ContainerStream: fi
2026-07-19T00:20:08.3476858+00:00 ContainerStream: 
2026-07-19T00:20:08.3481388+00:00 ContainerStream: PATH="$PATH:/home/site/wwwroot" node /home/site/wwwroot/server.mjs
2026-07-19T00:20:10.3427539+00:00 ContainerStream: [babitk-web] listening on 8080 root=/home/site/wwwroot
2026-07-19T00:20:11.1269223+00:00 ContainerStatus: Site startup probe succeeded after 35.0749251 seconds.
2026-07-19T00:20:11.4052624+00:00 ContainerStatus: State: Starting, Action: WarmUpProbeSucceeded, LastError: , LastErrorTimestamp: 01/01/0001 00:00:00, LastErrorDetails: , Details: Site startup probe succeeded after 35.0749251 seconds., DetailsLevel: INFO
========== New Cold Start Attempt (2026-07-19T00:20:32.2776016+00:00) ==========
2026-07-19T00:20:32.2776016+00:00 ContainerStatus: State: Stopping, Action: StoppingSiteContainers, LastError: ContainerTimeout, LastErrorTimestamp: 07/19/2026 00:10:12, LastErrorDetails: Container did not start within expected time limit of 600s. Please inspect your container logs for more details., Details: Site started at 07/19/2026 00:19:03 (UTC), DetailsLevel: INFO
2026-07-19T00:20:32.2777032+00:00 ContainerStatus: Container is terminating. Grace period: 5 seconds.
2026-07-19T00:20:32.2959745+00:00 ContainerStatus: Stop and delete container. Retry count = 0
2026-07-19T00:20:32.2966072+00:00 ContainerStatus: Stopping container: f13676af1b02_babitk-app.
2026-07-19T00:20:37.4980431+00:00 ContainerStatus: Deleting container: f13676af1b02_babitk-app. Retry count = 0
2026-07-19T00:20:37.7158164+00:00 ContainerStatus: Container spec TerminationMessagePolicy  path 
2026-07-19T00:20:37.7162069+00:00 ContainerStatus: Container is terminated. Total time elapsed: 5438 ms.
2026-07-19T00:20:37.7163085+00:00 ContainerStatus: Site: babitk-app stopped.
2026-07-19T00:20:38.7867006+00:00 ContainerStatus: State: Starting, Action: EstablishingSiteNetworks, LastError: , LastErrorTimestamp: 01/01/0001 00:00:00, LastErrorDetails: , Details: , DetailsLevel: INFO
2026-07-19T00:20:40.2173622+00:00 ContainerStatus: State: Starting, Action: StartingSiteContainers, LastError: , LastErrorTimestamp: 01/01/0001 00:00:00, LastErrorDetails: , Details: , DetailsLevel: INFO
2026-07-19T00:20:40.2177813+00:00 ContainerStatus: Container start method called.
2026-07-19T00:20:40.2181811+00:00 ContainerStatus: State: Starting, Action: PullingImage, LastError: , LastErrorTimestamp: 01/01/0001 00:00:00, LastErrorDetails: , Details: Pulling image 10.1.0.4:13209/appsvc/node:22-lts_20260504.4.tuxprod for babitk-app., DetailsLevel: INFO
2026-07-19T00:20:40.2184009+00:00 ContainerStatus: Establishing network.
2026-07-19T00:20:40.2185745+00:00 ContainerStatus: Pulling image: appsvc/node:22-lts_20260504.4.tuxprod.
2026-07-19T00:20:40.4793274+00:00 ContainerStatus: Container is starting.
2026-07-19T00:20:40.4794180+00:00 ContainerStatus: State: Starting, Action: MountingVolumes, LastError: , LastErrorTimestamp: 01/01/0001 00:00:00, LastErrorDetails: , Details: Mounting volumes for babitk-app., DetailsLevel: INFO
2026-07-19T00:20:40.4795040+00:00 ContainerStatus: Establishing user namespace if not established already.
2026-07-19T00:20:40.4795815+00:00 ContainerStatus: Establishing network if not established already.
2026-07-19T00:20:40.4796702+00:00 ContainerStatus: Mounting volumes.
2026-07-19T00:20:40.4797733+00:00 ContainerStatus: Nested mountpoint 
2026-07-19T00:20:40.4899670+00:00 ContainerStatus: Nested mountpoint volatile/logs
2026-07-19T00:20:40.5079539+00:00 ContainerStatus: Nested mountpoint 
2026-07-19T00:20:40.5083242+00:00 ContainerStatus: Nested mountpoint 
2026-07-19T00:20:40.5103675+00:00 ContainerStatus: Nested mountpoint 
2026-07-19T00:20:40.5274874+00:00 ContainerStatus: Nested mountpoint 
2026-07-19T00:20:40.8503163+00:00 ContainerStatus: State: Starting, Action: CreatingContainer, LastError: , LastErrorTimestamp: 01/01/0001 00:00:00, LastErrorDetails: , Details: Finished pulling container image and mounting volumes for babitk-app. Allocatinng the rest of the container resources to finish container creation., DetailsLevel: INFO
2026-07-19T00:20:40.8896701+00:00 ContainerStatus: Creating container.
2026-07-19T00:20:40.8901345+00:00 ContainerStatus: Creating pipes for streaming container io.
2026-07-19T00:20:40.8980727+00:00 ContainerStatus: Creating stdout named pipe at /podr/container/pipe/fb6b02a6bc8a_babitk-app/stdout_963be520308b42448c0d1e31176d5007.
2026-07-19T00:20:40.8987861+00:00 ContainerStatus: Successfully created stdout named pipe at: /podr/container/pipe/fb6b02a6bc8a_babitk-app/stdout_963be520308b42448c0d1e31176d5007.
2026-07-19T00:20:40.8991926+00:00 ContainerStatus: Opening named pipe /podr/container/pipe/fb6b02a6bc8a_babitk-app/stdout_963be520308b42448c0d1e31176d5007 for reading in non-blocking mode.
2026-07-19T00:20:40.8993161+00:00 ContainerStatus: Successfully opened named pipe: /podr/container/pipe/fb6b02a6bc8a_babitk-app/stdout_963be520308b42448c0d1e31176d5007.
2026-07-19T00:20:40.9202403+00:00 ContainerStatus: Successfully removed non-blocking flag from /podr/container/pipe/fb6b02a6bc8a_babitk-app/stdout_963be520308b42448c0d1e31176d5007.
2026-07-19T00:20:40.9502810+00:00 ContainerStatus: Creating stderr named pipe at /podr/container/pipe/fb6b02a6bc8a_babitk-app/stderr_4694557f6dc9416080cea22d55f2d95c.
2026-07-19T00:20:40.9677675+00:00 ContainerStatus: Successfully created stderr named pipe at: /podr/container/pipe/fb6b02a6bc8a_babitk-app/stderr_4694557f6dc9416080cea22d55f2d95c.
2026-07-19T00:20:40.9678616+00:00 ContainerStatus: Opening named pipe /podr/container/pipe/fb6b02a6bc8a_babitk-app/stderr_4694557f6dc9416080cea22d55f2d95c for reading in non-blocking mode.
2026-07-19T00:20:40.9679370+00:00 ContainerStatus: Successfully opened named pipe: /podr/container/pipe/fb6b02a6bc8a_babitk-app/stderr_4694557f6dc9416080cea22d55f2d95c.
2026-07-19T00:20:40.9679893+00:00 ContainerStatus: Successfully removed non-blocking flag from /podr/container/pipe/fb6b02a6bc8a_babitk-app/stderr_4694557f6dc9416080cea22d55f2d95c.
2026-07-19T00:20:40.9691895+00:00 ContainerStatus: Creating container with image: appsvc/node:22-lts_20260504.4.tuxprod from registry: 10.1.0.4:13209 and fully qualified image name: 10.1.0.4:13209/appsvc/node:22-lts_20260504.4.tuxprod
2026-07-19T00:20:41.3915566+00:00 ContainerStatus: Starting container: fb6b02a6bc8a_babitk-app.
2026-07-19T00:20:41.4304501+00:00 ContainerStatus: Starting watchers and probes.
2026-07-19T00:20:41.4309496+00:00 ContainerStatus: Starting metrics collection.
2026-07-19T00:20:41.4315216+00:00 ContainerStatus: Container is running.
2026-07-19T00:20:41.4315805+00:00 ContainerStatus: State: Starting, Action: CreatingContainer, LastError: , LastErrorTimestamp: 01/01/0001 00:00:00, LastErrorDetails: , Details: Container babitk-app successfully created and is running., DetailsLevel: INFO
2026-07-19T00:20:41.5605208+00:00 ContainerStatus: Container start method finished after 1342 ms.
2026-07-19T00:20:41.5607260+00:00 ContainerStatus: State: Starting, Action: InitiatingSiteWarmUpProbe, LastError: , LastErrorTimestamp: 01/01/0001 00:00:00, LastErrorDetails: , Details: Container babitk-app successfully created and is running., DetailsLevel: INFO
2026-07-19T00:20:41.5607599+00:00 ContainerStatus: State: Starting, Action: WaitingForSiteWarmUpProbeSuccess, LastError: , LastErrorTimestamp: 01/01/0001 00:00:00, LastErrorDetails: , Details: Pinging warmup path to ensure container is ready to receive requests., DetailsLevel: INFO
2026-07-19T00:20:41.7224804+00:00 ContainerStream:    _____                               
2026-07-19T00:20:41.7318715+00:00 ContainerStream:   /  _  \ __________ _________   ____  
2026-07-19T00:20:41.7318838+00:00 ContainerStream:  /  /_\  \\___   /  |  \_  __ \_/ __ \ 
2026-07-19T00:20:41.7318859+00:00 ContainerStream: /    |    \/    /|  |  /|  | \/\  ___/ 
2026-07-19T00:20:41.7318877+00:00 ContainerStream: \____|__  /_____ \____/ |__|    \___  >
2026-07-19T00:20:41.7318901+00:00 ContainerStream:         \/      \/                  \/ 
2026-07-19T00:20:41.7318950+00:00 ContainerStream: A P P   S E R V I C E   O N   L I N U X
2026-07-19T00:20:41.7318967+00:00 ContainerStream: 
2026-07-19T00:20:41.7318988+00:00 ContainerStream: Documentation    : http://aka.ms/webapp-linux
2026-07-19T00:20:41.7319008+00:00 ContainerStream: NodeJS quickstart: https://aka.ms/node-qs
2026-07-19T00:20:41.7319028+00:00 ContainerStream: NodeJS Version   : v22.22.2
2026-07-19T00:20:41.7319046+00:00 ContainerStream: Instance Name    : lw1sdlwk0000OJ
2026-07-19T00:20:41.7319082+00:00 ContainerStream: Instance Id      : e853b0d521c13ae8cb31bbb09a3a1872c5b2865061d0d453c8b371a72b35cb7a
2026-07-19T00:20:41.7319099+00:00 ContainerStream: 
2026-07-19T00:20:41.7319116+00:00 ContainerStream: Note: Any data outside '/home' is not persisted
2026-07-19T00:20:44.7902200+00:00 ContainerStream: Starting OpenBSD Secure Shell server: sshd.
2026-07-19T00:20:44.8026226+00:00 ContainerStream: WEBSITES_INCLUDE_CLOUD_CERTS is not set to true.
2026-07-19T00:20:44.8411051+00:00 ContainerStream: Updating certificates in /etc/ssl/certs...
2026-07-19T00:21:04.1996578+00:00 ContainerStream: rehash: warning: skipping duplicate certificate in azl_SSL.com_TLS_ECC_Root_CA_2022.pem
2026-07-19T00:21:04.2075829+00:00 ContainerStream: rehash: warning: skipping duplicate certificate in azl_SSL.com_TLS_RSA_Root_CA_2022.pem
2026-07-19T00:21:04.4091848+00:00 ContainerStream: rehash: warning: skipping ca-certificates.crt,it does not contain exactly one certificate or CRL
2026-07-19T00:21:04.4599370+00:00 ContainerStream: 4 added, 0 removed; done.
2026-07-19T00:21:04.4699199+00:00 ContainerStream: Running hooks in /etc/ca-certificates/update.d...
2026-07-19T00:21:04.5178508+00:00 ContainerStream: done.
2026-07-19T00:21:04.5376195+00:00 ContainerStream: CA certificates copied and updated successfully.
2026-07-19T00:21:04.7286243+00:00 ContainerStream: Starting periodic command scheduler: cron.
2026-07-19T00:21:04.9088442+00:00 ContainerStream: Could not find build manifest file at '/home/site/wwwroot/oryx-manifest.toml'
2026-07-19T00:21:04.9091085+00:00 ContainerStream: Could not find operation ID in manifest. Generating an operation id...
2026-07-19T00:21:04.9091846+00:00 ContainerStream: Build Operation ID: 9b4d86cd-4528-4cb4-9172-81f7f42eca11
2026-07-19T00:21:05.2895432+00:00 ContainerStream: Environment Variables for Application Insight's IPA Codeless Configuration exists..
2026-07-19T00:21:05.3270335+00:00 ContainerStream: Writing output script to '/opt/startup/startup.sh'
2026-07-19T00:21:05.3685410+00:00 ContainerStream: Running #!/bin/sh
2026-07-19T00:21:05.3685935+00:00 ContainerStream: 
2026-07-19T00:21:05.3686014+00:00 ContainerStream: # Enter the source directory to make sure the script runs where the user expects
2026-07-19T00:21:05.3686041+00:00 ContainerStream: cd "/home/site/wwwroot"
2026-07-19T00:21:05.3686058+00:00 ContainerStream: 
2026-07-19T00:21:05.3686076+00:00 ContainerStream: export NODE_PATH=/usr/local/lib/node_modules:$NODE_PATH
2026-07-19T00:21:05.3686093+00:00 ContainerStream: if [ -z "$PORT" ]; then
2026-07-19T00:21:05.3686109+00:00 ContainerStream: 		export PORT=8080
2026-07-19T00:21:05.3686125+00:00 ContainerStream: fi
2026-07-19T00:21:05.3686161+00:00 ContainerStream: 
2026-07-19T00:21:05.3688171+00:00 ContainerStream: PATH="$PATH:/home/site/wwwroot" node /home/site/wwwroot/server.mjs
2026-07-19T00:21:06.6257802+00:00 ContainerStream: [babitk-web] listening on 8080 root=/home/site/wwwroot
2026-07-19T00:21:07.6540899+00:00 ContainerStatus: Site startup probe succeeded after 26.0927802 seconds.
2026-07-19T00:21:07.8537137+00:00 ContainerStatus: State: Starting, Action: WarmUpProbeSucceeded, LastError: , LastErrorTimestamp: 01/01/0001 00:00:00, LastErrorDetails: , Details: Site startup probe succeeded after 26.0927802 seconds., DetailsLevel: INFO
========== New Cold Start Attempt (2026-07-19T00:21:08.2719063+00:00) ==========
2026-07-19T00:21:08.2719063+00:00 ContainerStatus: Site is running with deployment version: 40f08d24-6e24-4720-b2a2-78cd0153c71e
2026-07-19T00:21:08.2720908+00:00 ContainerStatus: Site started.
2026-07-19T00:21:08.2721796+00:00 ContainerStatus: State: Started, Action: None, LastError: , LastErrorTimestamp: 01/01/0001 00:00:00, LastErrorDetails: , Details: Site started at 07/19/2026 00:21:08 (UTC), DetailsLevel: INFO
2026-07-19T00:21:08.2723416+00:00 ContainerStatus: Site is running with patch version NODE-22.22.2
2026-07-19T00:21:28.7071366+00:00 ContainerStatus: State: Stopping, Action: StoppingSite, LastError: ContainerTimeout, LastErrorTimestamp: 07/19/2026 00:10:12, LastErrorDetails: Container did not start within expected time limit of 600s. Please inspect your container logs for more details., Details: Site started at 07/19/2026 00:20:12 (UTC), DetailsLevel: INFO
2026-07-19T00:21:28.7263180+00:00 ContainerStatus: State: Stopping, Action: StoppingSiteContainers, LastError: ContainerTimeout, LastErrorTimestamp: 07/19/2026 00:10:12, LastErrorDetails: Container did not start within expected time limit of 600s. Please inspect your container logs for more details., Details: Site started at 07/19/2026 00:20:12 (UTC), DetailsLevel: INFO
2026-07-19T00:21:28.7266386+00:00 ContainerStatus: Container is terminating. Grace period: 5 seconds.
2026-07-19T00:21:28.7562651+00:00 ContainerStatus: Stop and delete container. Retry count = 0
2026-07-19T00:21:28.7567806+00:00 ContainerStatus: Stopping container: 3473fddcffea_babitk-app.
2026-07-19T00:21:33.8792778+00:00 ContainerStatus: Deleting container: 3473fddcffea_babitk-app. Retry count = 0
2026-07-19T00:21:34.0633494+00:00 ContainerStatus: Container spec TerminationMessagePolicy  path 
2026-07-19T00:21:34.0690771+00:00 ContainerStatus: Container is terminated. Total time elapsed: 5341 ms.
2026-07-19T00:21:34.0691684+00:00 ContainerStatus: Site: babitk-app stopped.
2026-07-19T01:14:23.5217353+00:00 ContainerStatus: State: Starting, Action: EstablishingSiteNetworks, LastError: , LastErrorTimestamp: 01/01/0001 00:00:00, LastErrorDetails: , Details: , DetailsLevel: INFO
2026-07-19T01:14:26.7006531+00:00 ContainerStatus: State: Starting, Action: StartingSiteContainers, LastError: , LastErrorTimestamp: 01/01/0001 00:00:00, LastErrorDetails: , Details: , DetailsLevel: INFO
2026-07-19T01:14:26.7011336+00:00 ContainerStatus: Container start method called.
2026-07-19T01:14:26.7013996+00:00 ContainerStatus: State: Starting, Action: PullingImage, LastError: , LastErrorTimestamp: 01/01/0001 00:00:00, LastErrorDetails: , Details: Pulling image 10.1.0.6:13209/appsvc/node:22-lts_20260504.4.tuxprod for babitk-app., DetailsLevel: INFO
2026-07-19T01:14:26.7015817+00:00 ContainerStatus: Establishing network.
2026-07-19T01:14:26.7019202+00:00 ContainerStatus: Pulling image: appsvc/node:22-lts_20260504.4.tuxprod.
2026-07-19T01:14:27.5030355+00:00 ContainerStatus: Container is starting.
2026-07-19T01:14:27.5030883+00:00 ContainerStatus: State: Starting, Action: MountingVolumes, LastError: , LastErrorTimestamp: 01/01/0001 00:00:00, LastErrorDetails: , Details: Mounting volumes for babitk-app., DetailsLevel: INFO
2026-07-19T01:14:27.5031380+00:00 ContainerStatus: Establishing user namespace if not established already.
2026-07-19T01:14:27.5031904+00:00 ContainerStatus: Establishing network if not established already.
2026-07-19T01:14:27.5032517+00:00 ContainerStatus: Mounting volumes.
2026-07-19T01:14:27.5033273+00:00 ContainerStatus: Nested mountpoint 
2026-07-19T01:14:27.5847299+00:00 ContainerStatus: Nested mountpoint volatile/logs
2026-07-19T01:14:27.6231157+00:00 ContainerStatus: Nested mountpoint 
2026-07-19T01:14:27.7446816+00:00 ContainerStatus: Nested mountpoint 
2026-07-19T01:14:27.9238542+00:00 ContainerStatus: Nested mountpoint 
2026-07-19T01:14:27.9435492+00:00 ContainerStatus: Nested mountpoint 
2026-07-19T01:14:28.9232964+00:00 ContainerStatus: State: Starting, Action: CreatingContainer, LastError: , LastErrorTimestamp: 01/01/0001 00:00:00, LastErrorDetails: , Details: Finished pulling container image and mounting volumes for babitk-app. Allocatinng the rest of the container resources to finish container creation., DetailsLevel: INFO
2026-07-19T01:14:28.9235897+00:00 ContainerStatus: Creating container.
2026-07-19T01:14:28.9243329+00:00 ContainerStatus: Creating pipes for streaming container io.
2026-07-19T01:14:28.9244328+00:00 ContainerStatus: Creating stdout named pipe at /podr/container/pipe/5467c17b3427_babitk-app/stdout_850004d5f314441cb0b3473ac90b968e.
2026-07-19T01:14:28.9525494+00:00 ContainerStatus: Successfully created stdout named pipe at: /podr/container/pipe/5467c17b3427_babitk-app/stdout_850004d5f314441cb0b3473ac90b968e.
2026-07-19T01:14:28.9526541+00:00 ContainerStatus: Opening named pipe /podr/container/pipe/5467c17b3427_babitk-app/stdout_850004d5f314441cb0b3473ac90b968e for reading in non-blocking mode.
2026-07-19T01:14:28.9527665+00:00 ContainerStatus: Successfully opened named pipe: /podr/container/pipe/5467c17b3427_babitk-app/stdout_850004d5f314441cb0b3473ac90b968e.
2026-07-19T01:14:28.9528291+00:00 ContainerStatus: Successfully removed non-blocking flag from /podr/container/pipe/5467c17b3427_babitk-app/stdout_850004d5f314441cb0b3473ac90b968e.
2026-07-19T01:14:28.9529160+00:00 ContainerStatus: Creating stderr named pipe at /podr/container/pipe/5467c17b3427_babitk-app/stderr_66bf0cf4b6e541f38704f86b1eda656b.
2026-07-19T01:14:28.9530303+00:00 ContainerStatus: Successfully created stderr named pipe at: /podr/container/pipe/5467c17b3427_babitk-app/stderr_66bf0cf4b6e541f38704f86b1eda656b.
2026-07-19T01:14:28.9530866+00:00 ContainerStatus: Opening named pipe /podr/container/pipe/5467c17b3427_babitk-app/stderr_66bf0cf4b6e541f38704f86b1eda656b for reading in non-blocking mode.
2026-07-19T01:14:28.9531531+00:00 ContainerStatus: Successfully opened named pipe: /podr/container/pipe/5467c17b3427_babitk-app/stderr_66bf0cf4b6e541f38704f86b1eda656b.
2026-07-19T01:14:28.9532131+00:00 ContainerStatus: Successfully removed non-blocking flag from /podr/container/pipe/5467c17b3427_babitk-app/stderr_66bf0cf4b6e541f38704f86b1eda656b.
2026-07-19T01:14:28.9535485+00:00 ContainerStatus: Creating container with image: appsvc/node:22-lts_20260504.4.tuxprod from registry: 10.1.0.6:13209 and fully qualified image name: 10.1.0.6:13209/appsvc/node:22-lts_20260504.4.tuxprod
2026-07-19T01:14:30.5161530+00:00 ContainerStatus: Starting container: 5467c17b3427_babitk-app.
2026-07-19T01:14:30.6337217+00:00 ContainerStatus: Starting watchers and probes.
2026-07-19T01:14:30.6341958+00:00 ContainerStatus: Starting metrics collection.
2026-07-19T01:14:30.6353249+00:00 ContainerStatus: Container is running.
2026-07-19T01:14:30.6354059+00:00 ContainerStatus: State: Starting, Action: CreatingContainer, LastError: , LastErrorTimestamp: 01/01/0001 00:00:00, LastErrorDetails: , Details: Container babitk-app successfully created and is running., DetailsLevel: INFO
2026-07-19T01:14:30.7357299+00:00 ContainerStatus: Container start method finished after 4034 ms.
2026-07-19T01:14:30.7431887+00:00 ContainerStatus: State: Starting, Action: InitiatingSiteWarmUpProbe, LastError: , LastErrorTimestamp: 01/01/0001 00:00:00, LastErrorDetails: , Details: Container babitk-app successfully created and is running., DetailsLevel: INFO
2026-07-19T01:14:30.7531892+00:00 ContainerStatus: State: Starting, Action: WaitingForSiteWarmUpProbeSuccess, LastError: , LastErrorTimestamp: 01/01/0001 00:00:00, LastErrorDetails: , Details: Pinging warmup path to ensure container is ready to receive requests., DetailsLevel: INFO
2026-07-19T01:14:31.1049729+00:00 ContainerStream:    _____                               
2026-07-19T01:14:31.1051328+00:00 ContainerStream:   /  _  \ __________ _________   ____  
2026-07-19T01:14:31.1051361+00:00 ContainerStream:  /  /_\  \\___   /  |  \_  __ \_/ __ \ 
2026-07-19T01:14:31.1051380+00:00 ContainerStream: /    |    \/    /|  |  /|  | \/\  ___/ 
2026-07-19T01:14:31.1051398+00:00 ContainerStream: \____|__  /_____ \____/ |__|    \___  >
2026-07-19T01:14:31.1051423+00:00 ContainerStream:         \/      \/                  \/ 
2026-07-19T01:14:31.1051440+00:00 ContainerStream: A P P   S E R V I C E   O N   L I N U X
2026-07-19T01:14:31.1051456+00:00 ContainerStream: 
2026-07-19T01:14:31.1051496+00:00 ContainerStream: Documentation    : http://aka.ms/webapp-linux
2026-07-19T01:14:31.1051519+00:00 ContainerStream: NodeJS quickstart: https://aka.ms/node-qs
2026-07-19T01:14:31.1051536+00:00 ContainerStream: NodeJS Version   : v22.22.2
2026-07-19T01:14:31.1051554+00:00 ContainerStream: Instance Name    : lw1sdlwk0000OJ
2026-07-19T01:14:31.1051575+00:00 ContainerStream: Instance Id      : e853b0d521c13ae8cb31bbb09a3a1872c5b2865061d0d453c8b371a72b35cb7a
2026-07-19T01:14:31.1051591+00:00 ContainerStream: 
2026-07-19T01:14:31.1051619+00:00 ContainerStream: Note: Any data outside '/home' is not persisted
2026-07-19T01:14:38.3458676+00:00 ContainerStream: Starting OpenBSD Secure Shell server: sshd.
2026-07-19T01:14:38.3759026+00:00 ContainerStream: WEBSITES_INCLUDE_CLOUD_CERTS is not set to true.
2026-07-19T01:14:38.4752359+00:00 ContainerStream: Updating certificates in /etc/ssl/certs...
2026-07-19T01:14:59.4796699+00:00 ContainerStream: rehash: warning: skipping duplicate certificate in azl_SSL.com_TLS_ECC_Root_CA_2022.pem
2026-07-19T01:14:59.4803623+00:00 ContainerStream: rehash: warning: skipping duplicate certificate in azl_SSL.com_TLS_RSA_Root_CA_2022.pem
2026-07-19T01:15:00.1889723+00:00 ContainerStream: rehash: warning: skipping ca-certificates.crt,it does not contain exactly one certificate or CRL
2026-07-19T01:15:00.2987870+00:00 ContainerStream: 4 added, 0 removed; done.
2026-07-19T01:15:00.2995842+00:00 ContainerStream: Running hooks in /etc/ca-certificates/update.d...
2026-07-19T01:15:00.3504416+00:00 ContainerStream: done.
2026-07-19T01:15:00.4298221+00:00 ContainerStream: CA certificates copied and updated successfully.
2026-07-19T01:15:01.1617015+00:00 ContainerStream: Starting periodic command scheduler: cron.
2026-07-19T01:15:01.8572914+00:00 ContainerStream: Could not find build manifest file at '/home/site/wwwroot/oryx-manifest.toml'
2026-07-19T01:15:01.8573415+00:00 ContainerStream: Could not find operation ID in manifest. Generating an operation id...
2026-07-19T01:15:01.8573444+00:00 ContainerStream: Build Operation ID: 16f28eba-3a0f-416b-b37e-0438d0a90edc
2026-07-19T01:15:03.4349892+00:00 ContainerStream: Environment Variables for Application Insight's IPA Codeless Configuration exists..
2026-07-19T01:15:03.9139779+00:00 ContainerStream: Writing output script to '/opt/startup/startup.sh'
2026-07-19T01:15:04.0632496+00:00 ContainerStream: Running #!/bin/sh
2026-07-19T01:15:04.0633124+00:00 ContainerStream: 
2026-07-19T01:15:04.0633224+00:00 ContainerStream: # Enter the source directory to make sure the script runs where the user expects
2026-07-19T01:15:04.0633262+00:00 ContainerStream: cd "/home/site/wwwroot"
2026-07-19T01:15:04.0633278+00:00 ContainerStream: 
2026-07-19T01:15:04.0633297+00:00 ContainerStream: export NODE_PATH=/usr/local/lib/node_modules:$NODE_PATH
2026-07-19T01:15:04.0633315+00:00 ContainerStream: if [ -z "$PORT" ]; then
2026-07-19T01:15:04.0633332+00:00 ContainerStream: 		export PORT=8080
2026-07-19T01:15:04.0633348+00:00 ContainerStream: fi
2026-07-19T01:15:04.0633378+00:00 ContainerStream: 
2026-07-19T01:15:04.0636269+00:00 ContainerStream: PATH="$PATH:/home/site/wwwroot" node /home/site/wwwroot/server.mjs
2026-07-19T01:15:07.3179903+00:00 ContainerStream: [babitk-web] listening on 8080 root=/home/site/wwwroot
2026-07-19T01:15:07.9983076+00:00 ContainerStatus: Site startup probe succeeded after 37.2405149 seconds.
2026-07-19T01:15:08.2583966+00:00 ContainerStatus: State: Starting, Action: WarmUpProbeSucceeded, LastError: , LastErrorTimestamp: 01/01/0001 00:00:00, LastErrorDetails: , Details: Site startup probe succeeded after 37.2405149 seconds., DetailsLevel: INFO
2026-07-19T01:15:10.0767243+00:00 ContainerStatus: Site is running with deployment version: 40f08d24-6e24-4720-b2a2-78cd0153c71e
2026-07-19T01:15:10.0979877+00:00 ContainerStatus: Site started.
2026-07-19T01:15:10.1076107+00:00 ContainerStatus: State: Started, Action: None, LastError: , LastErrorTimestamp: 01/01/0001 00:00:00, LastErrorDetails: , Details: Site started at 07/19/2026 01:15:10 (UTC), DetailsLevel: INFO
2026-07-19T01:15:10.1381557+00:00 ContainerStatus: Site is running with patch version NODE-22.22.2
========== New Cold Start Attempt (2026-07-19T01:15:30.3985517+00:00) ==========
2026-07-19T01:15:30.3985517+00:00 ContainerStatus: State: Stopping, Action: StoppingSiteContainers, LastError: ContainerTimeout, LastErrorTimestamp: 07/19/2026 00:10:12, LastErrorDetails: Container did not start within expected time limit of 600s. Please inspect your container logs for more details., Details: Site started at 07/19/2026 00:21:08 (UTC), DetailsLevel: INFO
2026-07-19T01:15:30.3991814+00:00 ContainerStatus: Container is terminating. Grace period: 5 seconds.
2026-07-19T01:15:30.5274823+00:00 ContainerStatus: Stop and delete container. Retry count = 0
2026-07-19T01:15:30.5287145+00:00 ContainerStatus: Stopping container: fb6b02a6bc8a_babitk-app.
2026-07-19T01:15:35.5362428+00:00 ContainerStatus: Deleting container: fb6b02a6bc8a_babitk-app. Retry count = 0
2026-07-19T01:15:35.7565030+00:00 ContainerStatus: Container spec TerminationMessagePolicy  path 
2026-07-19T01:15:35.7577293+00:00 ContainerStatus: Container is terminated. Total time elapsed: 5358 ms.
2026-07-19T01:15:35.7588273+00:00 ContainerStatus: Site: babitk-app stopped.
2026-07-19T01:15:36.6685449+00:00 ContainerStatus: State: Starting, Action: EstablishingSiteNetworks, LastError: , LastErrorTimestamp: 01/01/0001 00:00:00, LastErrorDetails: , Details: , DetailsLevel: INFO
2026-07-19T01:15:38.8715391+00:00 ContainerStatus: State: Starting, Action: StartingSiteContainers, LastError: , LastErrorTimestamp: 01/01/0001 00:00:00, LastErrorDetails: , Details: , DetailsLevel: INFO
2026-07-19T01:15:38.8791436+00:00 ContainerStatus: Container start method called.
2026-07-19T01:15:38.8807274+00:00 ContainerStatus: State: Starting, Action: PullingImage, LastError: , LastErrorTimestamp: 01/01/0001 00:00:00, LastErrorDetails: , Details: Pulling image 10.1.0.6:13209/appsvc/node:22-lts_20260504.4.tuxprod for babitk-app., DetailsLevel: INFO
2026-07-19T01:15:38.8808310+00:00 ContainerStatus: Establishing network.
2026-07-19T01:15:38.8808962+00:00 ContainerStatus: Pulling image: appsvc/node:22-lts_20260504.4.tuxprod.
2026-07-19T01:15:39.5314142+00:00 ContainerStatus: Container is starting.
2026-07-19T01:15:39.5614201+00:00 ContainerStatus: State: Starting, Action: MountingVolumes, LastError: , LastErrorTimestamp: 01/01/0001 00:00:00, LastErrorDetails: , Details: Mounting volumes for babitk-app., DetailsLevel: INFO
2026-07-19T01:15:39.5800930+00:00 ContainerStatus: Establishing user namespace if not established already.
2026-07-19T01:15:39.5804975+00:00 ContainerStatus: Establishing network if not established already.
2026-07-19T01:15:39.5808860+00:00 ContainerStatus: Mounting volumes.
2026-07-19T01:15:39.5910163+00:00 ContainerStatus: Nested mountpoint 
2026-07-19T01:15:39.6095894+00:00 ContainerStatus: Nested mountpoint volatile/logs
2026-07-19T01:15:39.6308850+00:00 ContainerStatus: Nested mountpoint 
2026-07-19T01:15:39.6312652+00:00 ContainerStatus: Nested mountpoint 
2026-07-19T01:15:39.6504966+00:00 ContainerStatus: Nested mountpoint 
2026-07-19T01:15:39.6797687+00:00 ContainerStatus: Nested mountpoint 
2026-07-19T01:15:40.1506536+00:00 ContainerStatus: State: Starting, Action: CreatingContainer, LastError: , LastErrorTimestamp: 01/01/0001 00:00:00, LastErrorDetails: , Details: Finished pulling container image and mounting volumes for babitk-app. Allocatinng the rest of the container resources to finish container creation., DetailsLevel: INFO
2026-07-19T01:15:40.1509698+00:00 ContainerStatus: Creating container.
2026-07-19T01:15:40.1610096+00:00 ContainerStatus: Creating pipes for streaming container io.
2026-07-19T01:15:40.1611549+00:00 ContainerStatus: Creating stdout named pipe at /podr/container/pipe/c4a7c4aab57b_babitk-app/stdout_1da964b48b0a44a486cf6c93857399af.
2026-07-19T01:15:40.1688116+00:00 ContainerStatus: Successfully created stdout named pipe at: /podr/container/pipe/c4a7c4aab57b_babitk-app/stdout_1da964b48b0a44a486cf6c93857399af.
2026-07-19T01:15:40.1691393+00:00 ContainerStatus: Opening named pipe /podr/container/pipe/c4a7c4aab57b_babitk-app/stdout_1da964b48b0a44a486cf6c93857399af for reading in non-blocking mode.
2026-07-19T01:15:40.1693264+00:00 ContainerStatus: Successfully opened named pipe: /podr/container/pipe/c4a7c4aab57b_babitk-app/stdout_1da964b48b0a44a486cf6c93857399af.
2026-07-19T01:15:40.1695808+00:00 ContainerStatus: Successfully removed non-blocking flag from /podr/container/pipe/c4a7c4aab57b_babitk-app/stdout_1da964b48b0a44a486cf6c93857399af.
2026-07-19T01:15:40.1703775+00:00 ContainerStatus: Creating stderr named pipe at /podr/container/pipe/c4a7c4aab57b_babitk-app/stderr_96fda535dc114945b5613ca1a83cd715.
2026-07-19T01:15:40.1705966+00:00 ContainerStatus: Successfully created stderr named pipe at: /podr/container/pipe/c4a7c4aab57b_babitk-app/stderr_96fda535dc114945b5613ca1a83cd715.
2026-07-19T01:15:40.1708208+00:00 ContainerStatus: Opening named pipe /podr/container/pipe/c4a7c4aab57b_babitk-app/stderr_96fda535dc114945b5613ca1a83cd715 for reading in non-blocking mode.
2026-07-19T01:15:40.1709556+00:00 ContainerStatus: Successfully opened named pipe: /podr/container/pipe/c4a7c4aab57b_babitk-app/stderr_96fda535dc114945b5613ca1a83cd715.
2026-07-19T01:15:40.1710915+00:00 ContainerStatus: Successfully removed non-blocking flag from /podr/container/pipe/c4a7c4aab57b_babitk-app/stderr_96fda535dc114945b5613ca1a83cd715.
2026-07-19T01:15:40.1712524+00:00 ContainerStatus: Creating container with image: appsvc/node:22-lts_20260504.4.tuxprod from registry: 10.1.0.6:13209 and fully qualified image name: 10.1.0.6:13209/appsvc/node:22-lts_20260504.4.tuxprod
2026-07-19T01:15:40.6484835+00:00 ContainerStatus: Starting container: c4a7c4aab57b_babitk-app.
2026-07-19T01:15:40.7387488+00:00 ContainerStatus: Starting watchers and probes.
2026-07-19T01:15:40.7392992+00:00 ContainerStatus: Starting metrics collection.
2026-07-19T01:15:40.7401440+00:00 ContainerStatus: Container is running.
2026-07-19T01:15:40.7474756+00:00 ContainerStatus: State: Starting, Action: CreatingContainer, LastError: , LastErrorTimestamp: 01/01/0001 00:00:00, LastErrorDetails: , Details: Container babitk-app successfully created and is running., DetailsLevel: INFO
2026-07-19T01:15:40.9699245+00:00 ContainerStatus: Container start method finished after 2090 ms.
2026-07-19T01:15:40.9700429+00:00 ContainerStatus: State: Starting, Action: InitiatingSiteWarmUpProbe, LastError: , LastErrorTimestamp: 01/01/0001 00:00:00, LastErrorDetails: , Details: Container babitk-app successfully created and is running., DetailsLevel: INFO
2026-07-19T01:15:40.9700566+00:00 ContainerStatus: State: Starting, Action: WaitingForSiteWarmUpProbeSuccess, LastError: , LastErrorTimestamp: 01/01/0001 00:00:00, LastErrorDetails: , Details: Pinging warmup path to ensure container is ready to receive requests., DetailsLevel: INFO
2026-07-19T01:15:41.1280355+00:00 ContainerStream:    _____                               
2026-07-19T01:15:41.1281845+00:00 ContainerStream:   /  _  \ __________ _________   ____  
2026-07-19T01:15:41.1281877+00:00 ContainerStream:  /  /_\  \\___   /  |  \_  __ \_/ __ \ 
2026-07-19T01:15:41.1281895+00:00 ContainerStream: /    |    \/    /|  |  /|  | \/\  ___/ 
2026-07-19T01:15:41.1281913+00:00 ContainerStream: \____|__  /_____ \____/ |__|    \___  >
2026-07-19T01:15:41.1281935+00:00 ContainerStream:         \/      \/                  \/ 
2026-07-19T01:15:41.1281970+00:00 ContainerStream: A P P   S E R V I C E   O N   L I N U X
2026-07-19T01:15:41.1281986+00:00 ContainerStream: 
2026-07-19T01:15:41.1282009+00:00 ContainerStream: Documentation    : http://aka.ms/webapp-linux
2026-07-19T01:15:41.1282029+00:00 ContainerStream: NodeJS quickstart: https://aka.ms/node-qs
2026-07-19T01:15:41.1282050+00:00 ContainerStream: NodeJS Version   : v22.22.2
2026-07-19T01:15:41.1282067+00:00 ContainerStream: Instance Name    : lw1sdlwk0000OJ
2026-07-19T01:15:41.1282089+00:00 ContainerStream: Instance Id      : e853b0d521c13ae8cb31bbb09a3a1872c5b2865061d0d453c8b371a72b35cb7a
2026-07-19T01:15:41.1282121+00:00 ContainerStream: 
2026-07-19T01:15:41.1282140+00:00 ContainerStream: Note: Any data outside '/home' is not persisted
2026-07-19T01:15:43.5386314+00:00 ContainerStream: Starting OpenBSD Secure Shell server: sshd.
2026-07-19T01:15:43.5513231+00:00 ContainerStream: WEBSITES_INCLUDE_CLOUD_CERTS is not set to true.
2026-07-19T01:15:43.6216427+00:00 ContainerStream: Updating certificates in /etc/ssl/certs...
2026-07-19T01:15:58.6517203+00:00 ContainerStream: rehash: warning: skipping duplicate certificate in azl_SSL.com_TLS_ECC_Root_CA_2022.pem
2026-07-19T01:15:58.6523578+00:00 ContainerStream: rehash: warning: skipping duplicate certificate in azl_SSL.com_TLS_RSA_Root_CA_2022.pem
2026-07-19T01:15:58.8433665+00:00 ContainerStream: rehash: warning: skipping ca-certificates.crt,it does not contain exactly one certificate or CRL
2026-07-19T01:15:58.9227193+00:00 ContainerStream: 4 added, 0 removed; done.
2026-07-19T01:15:58.9321585+00:00 ContainerStream: Running hooks in /etc/ca-certificates/update.d...
2026-07-19T01:15:58.9331964+00:00 ContainerStream: done.
2026-07-19T01:15:58.9722358+00:00 ContainerStream: CA certificates copied and updated successfully.
2026-07-19T01:15:59.2517447+00:00 ContainerStream: Starting periodic command scheduler: cron.
2026-07-19T01:15:59.6022045+00:00 ContainerStream: Could not find build manifest file at '/home/site/wwwroot/oryx-manifest.toml'
2026-07-19T01:15:59.6096231+00:00 ContainerStream: Could not find operation ID in manifest. Generating an operation id...
2026-07-19T01:15:59.6096402+00:00 ContainerStream: Build Operation ID: 5cce3055-5b01-4761-b0cf-2e5bbe06b8ea
2026-07-19T01:16:00.0291609+00:00 ContainerStream: Environment Variables for Application Insight's IPA Codeless Configuration exists..
2026-07-19T01:16:00.0904075+00:00 ContainerStream: Writing output script to '/opt/startup/startup.sh'
2026-07-19T01:16:00.1898927+00:00 ContainerStream: Running #!/bin/sh
2026-07-19T01:16:00.1899256+00:00 ContainerStream: 
2026-07-19T01:16:00.1899290+00:00 ContainerStream: # Enter the source directory to make sure the script runs where the user expects
2026-07-19T01:16:00.1899341+00:00 ContainerStream: cd "/home/site/wwwroot"
2026-07-19T01:16:00.1899357+00:00 ContainerStream: 
2026-07-19T01:16:00.1899375+00:00 ContainerStream: export NODE_PATH=/usr/local/lib/node_modules:$NODE_PATH
2026-07-19T01:16:00.1899393+00:00 ContainerStream: if [ -z "$PORT" ]; then
2026-07-19T01:16:00.1899410+00:00 ContainerStream: 		export PORT=8080
2026-07-19T01:16:00.1899425+00:00 ContainerStream: fi
2026-07-19T01:16:00.1899440+00:00 ContainerStream: 
2026-07-19T01:16:00.1899474+00:00 ContainerStream: PATH="$PATH:/home/site/wwwroot" node /home/site/wwwroot/server.mjs
2026-07-19T01:16:01.1180414+00:00 ContainerStream: [babitk-web] listening on 8080 root=/home/site/wwwroot
2026-07-19T01:16:02.0822813+00:00 ContainerStatus: Site startup probe succeeded after 21.0622234 seconds.
2026-07-19T01:16:02.2518433+00:00 ContainerStatus: State: Starting, Action: WarmUpProbeSucceeded, LastError: , LastErrorTimestamp: 01/01/0001 00:00:00, LastErrorDetails: , Details: Site startup probe succeeded after 21.0622234 seconds., DetailsLevel: INFO
2026-07-19T01:16:02.6752706+00:00 ContainerStatus: Site is running with deployment version: 1b9b511e-e097-49c5-99a4-a9a0820d3ac6
2026-07-19T01:16:02.6759342+00:00 ContainerStatus: Site started.
2026-07-19T01:16:02.6819596+00:00 ContainerStatus: State: Started, Action: None, LastError: , LastErrorTimestamp: 01/01/0001 00:00:00, LastErrorDetails: , Details: Site started at 07/19/2026 01:16:02 (UTC), DetailsLevel: INFO
2026-07-19T01:16:02.6824993+00:00 ContainerStatus: Site is running with patch version NODE-22.22.2
========== New Cold Start Attempt (2026-07-19T01:17:09.4703306+00:00) ==========
2026-07-19T01:17:09.4703306+00:00 ContainerStatus: State: Stopping, Action: StoppingSite, LastError: ContainerTimeout, LastErrorTimestamp: 07/19/2026 00:10:12, LastErrorDetails: Container did not start within expected time limit of 600s. Please inspect your container logs for more details., Details: Site started at 07/19/2026 01:16:02 (UTC), DetailsLevel: INFO
2026-07-19T01:17:09.4715619+00:00 ContainerStatus: State: Stopping, Action: StoppingSiteContainers, LastError: ContainerTimeout, LastErrorTimestamp: 07/19/2026 00:10:12, LastErrorDetails: Container did not start within expected time limit of 600s. Please inspect your container logs for more details., Details: Site started at 07/19/2026 01:16:02 (UTC), DetailsLevel: INFO
2026-07-19T01:17:09.4720123+00:00 ContainerStatus: Container is terminating. Grace period: 5 seconds.
2026-07-19T01:17:09.5008889+00:00 ContainerStatus: Stop and delete container. Retry count = 0
2026-07-19T01:17:09.5017520+00:00 ContainerStatus: Stopping container: c4a7c4aab57b_babitk-app.
2026-07-19T01:17:15.8637504+00:00 ContainerStatus: Deleting container: c4a7c4aab57b_babitk-app. Retry count = 0
2026-07-19T01:17:16.0848203+00:00 ContainerStatus: Container spec TerminationMessagePolicy  path 
2026-07-19T01:17:16.0851826+00:00 ContainerStatus: Container is terminated. Total time elapsed: 6613 ms.
2026-07-19T01:17:16.0852874+00:00 ContainerStatus: Site: babitk-app stopped.
2026-07-19T01:21:51.4453139+00:00 ContainerStatus: State: Starting, Action: EstablishingSiteNetworks, LastError: ContainerTimeout, LastErrorTimestamp: 07/19/2026 01:16:43, LastErrorDetails: Container did not start within expected time limit of 600s. Please inspect your container logs for more details., Details: Site stopped at 07/19/2026 01:16:49 (UTC), DetailsLevel: ERR
2026-07-19T01:21:52.5302727+00:00 ContainerStatus: State: Starting, Action: StartingSiteContainers, LastError: ContainerTimeout, LastErrorTimestamp: 07/19/2026 01:16:43, LastErrorDetails: Container did not start within expected time limit of 600s. Please inspect your container logs for more details., Details: Site stopped at 07/19/2026 01:16:49 (UTC), DetailsLevel: ERR
2026-07-19T01:21:52.5304860+00:00 ContainerStatus: Container start method called.
2026-07-19T01:21:52.5305538+00:00 ContainerStatus: State: Starting, Action: PullingImage, LastError: ContainerTimeout, LastErrorTimestamp: 07/19/2026 01:16:43, LastErrorDetails: Container did not start within expected time limit of 600s. Please inspect your container logs for more details., Details: Pulling image 10.1.0.4:13209/appsvc/node:22-lts_20260504.4.tuxprod for babitk-app., DetailsLevel: INFO
2026-07-19T01:21:52.5306419+00:00 ContainerStatus: Establishing network.
2026-07-19T01:21:52.5387789+00:00 ContainerStatus: Pulling image: appsvc/node:22-lts_20260504.4.tuxprod.
2026-07-19T01:21:52.7501938+00:00 ContainerStatus: Container is starting.
2026-07-19T01:21:52.7504640+00:00 ContainerStatus: State: Starting, Action: MountingVolumes, LastError: ContainerTimeout, LastErrorTimestamp: 07/19/2026 01:16:43, LastErrorDetails: Container did not start within expected time limit of 600s. Please inspect your container logs for more details., Details: Mounting volumes for babitk-app., DetailsLevel: INFO
2026-07-19T01:21:52.7507540+00:00 ContainerStatus: Establishing user namespace if not established already.
2026-07-19T01:21:52.7510169+00:00 ContainerStatus: Establishing network if not established already.
2026-07-19T01:21:52.7512823+00:00 ContainerStatus: Mounting volumes.
2026-07-19T01:21:52.7515668+00:00 ContainerStatus: Nested mountpoint 
2026-07-19T01:21:52.7816438+00:00 ContainerStatus: Nested mountpoint volatile/logs
2026-07-19T01:21:52.8099848+00:00 ContainerStatus: Nested mountpoint 
2026-07-19T01:21:52.8217577+00:00 ContainerStatus: Nested mountpoint 
2026-07-19T01:21:52.8225293+00:00 ContainerStatus: Nested mountpoint 
2026-07-19T01:21:52.8510084+00:00 ContainerStatus: Nested mountpoint 
2026-07-19T01:21:53.1022668+00:00 ContainerStatus: State: Starting, Action: CreatingContainer, LastError: ContainerTimeout, LastErrorTimestamp: 07/19/2026 01:16:43, LastErrorDetails: Container did not start within expected time limit of 600s. Please inspect your container logs for more details., Details: Finished pulling container image and mounting volumes for babitk-app. Allocatinng the rest of the container resources to finish container creation., DetailsLevel: INFO
2026-07-19T01:21:53.1023792+00:00 ContainerStatus: Creating container.
2026-07-19T01:21:53.1211345+00:00 ContainerStatus: Creating pipes for streaming container io.
2026-07-19T01:21:53.1215043+00:00 ContainerStatus: Creating stdout named pipe at /podr/container/pipe/e8951cbf2ee1_babitk-app/stdout_74523074690540ecb36c907b4a77753b.
2026-07-19T01:21:53.1218421+00:00 ContainerStatus: Successfully created stdout named pipe at: /podr/container/pipe/e8951cbf2ee1_babitk-app/stdout_74523074690540ecb36c907b4a77753b.
2026-07-19T01:21:53.1220897+00:00 ContainerStatus: Opening named pipe /podr/container/pipe/e8951cbf2ee1_babitk-app/stdout_74523074690540ecb36c907b4a77753b for reading in non-blocking mode.
2026-07-19T01:21:53.1223501+00:00 ContainerStatus: Successfully opened named pipe: /podr/container/pipe/e8951cbf2ee1_babitk-app/stdout_74523074690540ecb36c907b4a77753b.
2026-07-19T01:21:53.1303651+00:00 ContainerStatus: Successfully removed non-blocking flag from /podr/container/pipe/e8951cbf2ee1_babitk-app/stdout_74523074690540ecb36c907b4a77753b.
2026-07-19T01:21:53.1397573+00:00 ContainerStatus: Creating stderr named pipe at /podr/container/pipe/e8951cbf2ee1_babitk-app/stderr_1ddefae66cd54fc1ad9dc6784f7562e4.
2026-07-19T01:21:53.1399722+00:00 ContainerStatus: Successfully created stderr named pipe at: /podr/container/pipe/e8951cbf2ee1_babitk-app/stderr_1ddefae66cd54fc1ad9dc6784f7562e4.
2026-07-19T01:21:53.1401556+00:00 ContainerStatus: Opening named pipe /podr/container/pipe/e8951cbf2ee1_babitk-app/stderr_1ddefae66cd54fc1ad9dc6784f7562e4 for reading in non-blocking mode.
2026-07-19T01:21:53.1403621+00:00 ContainerStatus: Successfully opened named pipe: /podr/container/pipe/e8951cbf2ee1_babitk-app/stderr_1ddefae66cd54fc1ad9dc6784f7562e4.
2026-07-19T01:21:53.1405225+00:00 ContainerStatus: Successfully removed non-blocking flag from /podr/container/pipe/e8951cbf2ee1_babitk-app/stderr_1ddefae66cd54fc1ad9dc6784f7562e4.
2026-07-19T01:21:53.1409166+00:00 ContainerStatus: Creating container with image: appsvc/node:22-lts_20260504.4.tuxprod from registry: 10.1.0.4:13209 and fully qualified image name: 10.1.0.4:13209/appsvc/node:22-lts_20260504.4.tuxprod
2026-07-19T01:21:53.8429284+00:00 ContainerStatus: Starting container: e8951cbf2ee1_babitk-app.
2026-07-19T01:21:53.9154631+00:00 ContainerStatus: Starting watchers and probes.
2026-07-19T01:21:53.9166910+00:00 ContainerStatus: Starting metrics collection.
2026-07-19T01:21:53.9249428+00:00 ContainerStatus: Container is running.
2026-07-19T01:21:53.9250027+00:00 ContainerStatus: State: Starting, Action: CreatingContainer, LastError: ContainerTimeout, LastErrorTimestamp: 07/19/2026 01:16:43, LastErrorDetails: Container did not start within expected time limit of 600s. Please inspect your container logs for more details., Details: Container babitk-app successfully created and is running., DetailsLevel: INFO
2026-07-19T01:21:54.0042208+00:00 ContainerStream:    _____                               
2026-07-19T01:21:54.2043693+00:00 ContainerStream:   /  _  \ __________ _________   ____  
2026-07-19T01:21:54.2043931+00:00 ContainerStream:  /  /_\  \\___   /  |  \_  __ \_/ __ \ 
2026-07-19T01:21:54.2043959+00:00 ContainerStream: /    |    \/    /|  |  /|  | \/\  ___/ 
2026-07-19T01:21:54.2043977+00:00 ContainerStream: \____|__  /_____ \____/ |__|    \___  >
2026-07-19T01:21:54.2043994+00:00 ContainerStream:         \/      \/                  \/ 
2026-07-19T01:21:54.2044037+00:00 ContainerStream: A P P   S E R V I C E   O N   L I N U X
2026-07-19T01:21:54.2044054+00:00 ContainerStream: 
2026-07-19T01:21:54.2044104+00:00 ContainerStream: Documentation    : http://aka.ms/webapp-linux
2026-07-19T01:21:54.2044122+00:00 ContainerStream: NodeJS quickstart: https://aka.ms/node-qs
2026-07-19T01:21:54.2044146+00:00 ContainerStream: NodeJS Version   : v22.22.2
2026-07-19T01:21:54.2044164+00:00 ContainerStream: Instance Name    : lw1sdlwk0000OJ
2026-07-19T01:21:54.2044209+00:00 ContainerStream: Instance Id      : e853b0d521c13ae8cb31bbb09a3a1872c5b2865061d0d453c8b371a72b35cb7a
2026-07-19T01:21:54.2044226+00:00 ContainerStream: 
2026-07-19T01:21:54.2044244+00:00 ContainerStream: Note: Any data outside '/home' is not persisted
2026-07-19T01:21:54.3339642+00:00 ContainerStatus: Container start method finished after 1803 ms.
2026-07-19T01:21:54.3343020+00:00 ContainerStatus: State: Starting, Action: InitiatingSiteWarmUpProbe, LastError: ContainerTimeout, LastErrorTimestamp: 07/19/2026 01:16:43, LastErrorDetails: Container did not start within expected time limit of 600s. Please inspect your container logs for more details., Details: Container babitk-app successfully created and is running., DetailsLevel: INFO
2026-07-19T01:21:54.3343543+00:00 ContainerStatus: State: Starting, Action: WaitingForSiteWarmUpProbeSuccess, LastError: ContainerTimeout, LastErrorTimestamp: 07/19/2026 01:16:43, LastErrorDetails: Container did not start within expected time limit of 600s. Please inspect your container logs for more details., Details: Pinging warmup path to ensure container is ready to receive requests., DetailsLevel: INFO
2026-07-19T01:21:55.4750456+00:00 ContainerStream: Starting OpenBSD Secure Shell server: sshd.
2026-07-19T01:21:55.4850395+00:00 ContainerStream: WEBSITES_INCLUDE_CLOUD_CERTS is not set to true.
2026-07-19T01:21:55.5249840+00:00 ContainerStream: Updating certificates in /etc/ssl/certs...
2026-07-19T01:22:08.8150134+00:00 ContainerStream: rehash: warning: skipping duplicate certificate in azl_SSL.com_TLS_ECC_Root_CA_2022.pem
2026-07-19T01:22:08.8158331+00:00 ContainerStream: rehash: warning: skipping duplicate certificate in azl_SSL.com_TLS_RSA_Root_CA_2022.pem
2026-07-19T01:22:09.0355396+00:00 ContainerStream: rehash: warning: skipping ca-certificates.crt,it does not contain exactly one certificate or CRL
2026-07-19T01:22:09.0772089+00:00 ContainerStream: 4 added, 0 removed; done.
2026-07-19T01:22:09.0849281+00:00 ContainerStream: Running hooks in /etc/ca-certificates/update.d...
2026-07-19T01:22:09.0867239+00:00 ContainerStream: done.
2026-07-19T01:22:09.0968905+00:00 ContainerStream: CA certificates copied and updated successfully.
2026-07-19T01:22:09.2658858+00:00 ContainerStream: Starting periodic command scheduler: cron.
2026-07-19T01:22:09.6477773+00:00 ContainerStream: Could not find build manifest file at '/home/site/wwwroot/oryx-manifest.toml'
2026-07-19T01:22:09.6478418+00:00 ContainerStream: Could not find operation ID in manifest. Generating an operation id...
2026-07-19T01:22:09.6478449+00:00 ContainerStream: Build Operation ID: ece2adac-63c0-43b5-9c25-31b1d627725f
2026-07-19T01:22:10.3289467+00:00 ContainerStream: Environment Variables for Application Insight's IPA Codeless Configuration exists..
2026-07-19T01:22:10.3748163+00:00 ContainerStream: Writing output script to '/opt/startup/startup.sh'
2026-07-19T01:22:10.4261461+00:00 ContainerStream: Running #!/bin/sh
2026-07-19T01:22:10.4261955+00:00 ContainerStream: 
2026-07-19T01:22:10.4262040+00:00 ContainerStream: # Enter the source directory to make sure the script runs where the user expects
2026-07-19T01:22:10.4262136+00:00 ContainerStream: cd "/home/site/wwwroot"
2026-07-19T01:22:10.4262153+00:00 ContainerStream: 
2026-07-19T01:22:10.4262171+00:00 ContainerStream: export NODE_PATH=/usr/local/lib/node_modules:$NODE_PATH
2026-07-19T01:22:10.4262188+00:00 ContainerStream: if [ -z "$PORT" ]; then
2026-07-19T01:22:10.4262204+00:00 ContainerStream: 		export PORT=8080
2026-07-19T01:22:10.4262220+00:00 ContainerStream: fi
2026-07-19T01:22:10.4262248+00:00 ContainerStream: 
2026-07-19T01:22:10.4271154+00:00 ContainerStream: PATH="$PATH:/home/site/wwwroot" node /home/site/wwwroot/server.mjs
2026-07-19T01:22:11.8860265+00:00 ContainerStream: [babitk-web] listening on 8080 root=/home/site/wwwroot
2026-07-19T01:22:12.5919129+00:00 ContainerStatus: Site startup probe succeeded after 18.2571062 seconds.
2026-07-19T01:22:12.8925125+00:00 ContainerStatus: State: Starting, Action: WarmUpProbeSucceeded, LastError: ContainerTimeout, LastErrorTimestamp: 07/19/2026 01:16:43, LastErrorDetails: Container did not start within expected time limit of 600s. Please inspect your container logs for more details., Details: Site startup probe succeeded after 18.2571062 seconds., DetailsLevel: INFO
2026-07-19T01:22:13.6723145+00:00 ContainerStatus: Site is running with deployment version: 1b9b511e-e097-49c5-99a4-a9a0820d3ac6
2026-07-19T01:22:13.6725820+00:00 ContainerStatus: Site started.
2026-07-19T01:22:13.6726837+00:00 ContainerStatus: State: Started, Action: None, LastError: ContainerTimeout, LastErrorTimestamp: 07/19/2026 01:16:43, LastErrorDetails: Container did not start within expected time limit of 600s. Please inspect your container logs for more details., Details: Site started at 07/19/2026 01:22:13 (UTC), DetailsLevel: INFO
2026-07-19T01:22:13.7318189+00:00 ContainerStatus: Site is running with patch version NODE-22.22.2
