2026-07-17T14:00:21.8602702Z,Updating submodules.,ffa8687e-5405-407c-a64a-4bddc3e855ee,0
2026-07-17T14:00:22.9661642Z,Preparing deployment for commit id '2c1a68e0-7'.,4ab0d14c-781b-4a58-8381-93dea7059063,0
2026-07-17T14:00:23.2831746Z,PreDeployment: context.CleanOutputPath False,26b98db6-b636-44ce-a9fc-83b91261604d,0
2026-07-17T14:00:23.4033405Z,PreDeployment: context.OutputPath /home/site/wwwroot,dd1aaf50-8399-4948-a0ce-d822c61f856f,0
2026-07-17T14:00:23.5457596Z,Running build. Project type: OneDeploy,4af94e1d-924f-486a-9567-fb1d5201dd6c,0
2026-07-17T14:00:23.6681103Z,Copying the manifest,3ca2a1ed-3725-4a21-9080-7deff8db68f4,0
2026-07-17T14:00:23.8394010Z,Running deployment command...,f75f18ed-a954-4c22-987d-96d7157065c2,0
	2026-07-17T14:00:23.8479846Z,Command: /opt/Kudu/Scripts/parallel_rsync.sh /tmp/zipdeploy/extracted /home/site/wwwroot 8 /tmp/ False False  ,,0
	2026-07-17T14:00:24.5587250Z,Run rsync from: /tmp/zipdeploy/extracted/ to: /home/site/wwwroot/ in 8 parallel threads,,0
	2026-07-17T14:00:24.6801940Z,Delete options: clean=False&comma; use manifest=False&comma; directory to ignore=,,0
	2026-07-17T14:00:24.7293698Z,Prev manifest = /home/site/deployments/ff43bc18-08b9-4ae0-9097-b8a6796aae73/manifest and next /home/site/deployments/2c1a68e0-7d38-4fd3-b50c-f328ecd02a31/manifest,,0
	2026-07-17T14:00:24.7597152Z,Cleaning up /tmp//filelist.txt and /tmp//splits,,0
	2026-07-17T14:00:24.7900101Z,Creating a list of all files at /tmp//filelist.txt,,0
	2026-07-17T14:00:24.8435353Z,No directory to exclude.,,0
	2026-07-17T14:00:24.8843472Z,Created /tmp//filelist.txt. Total number of files to be synced = 7.,,0
	2026-07-17T14:00:24.8963066Z,Created batches from the list of files. Processing 1 files in each thread,,0
	2026-07-17T14:00:24.9042083Z,Running rsync for filelist /tmp//splits/split.aa from /tmp/zipdeploy/extracted/ to /home/site/wwwroot/,,0
	2026-07-17T14:00:24.9107233Z,Running rsync for filelist /tmp//splits/split.ab from /tmp/zipdeploy/extracted/ to /home/site/wwwroot/,,0
	2026-07-17T14:00:24.9412495Z,Running rsync for filelist /tmp//splits/split.ac from /tmp/zipdeploy/extracted/ to /home/site/wwwroot/,,0
	2026-07-17T14:00:24.9459911Z,Running rsync for filelist /tmp//splits/split.ae from /tmp/zipdeploy/extracted/ to /home/site/wwwroot/,,0
	2026-07-17T14:00:24.9533750Z,Running rsync for filelist /tmp//splits/split.ad from /tmp/zipdeploy/extracted/ to /home/site/wwwroot/,,0
	2026-07-17T14:00:24.9577816Z,Running rsync for filelist /tmp//splits/split.af from /tmp/zipdeploy/extracted/ to /home/site/wwwroot/,,0
	2026-07-17T14:00:24.9647546Z,Running rsync for filelist /tmp//splits/split.ag from /tmp/zipdeploy/extracted/ to /home/site/wwwroot/,,0
	2026-07-17T14:00:24.9689201Z,,,0
	2026-07-17T14:00:24.9729927Z,Number of files: 2 (reg: 1&comma; dir: 1),,0
	2026-07-17T14:00:24.9769611Z,Number of created files: 0,,0
	2026-07-17T14:00:24.9826298Z,Number of deleted files: 0,,0
	2026-07-17T14:00:24.9866992Z,Number of regular files transferred: 1,,0
	2026-07-17T14:00:24.9929900Z,Total file size: 23.78K bytes,,0
	2026-07-17T14:00:24.9972922Z,Total transferred file size: 23.78K bytes,,0
	2026-07-17T14:00:25.0025857Z,Literal data: 23.78K bytes,,0
	2026-07-17T14:00:25.0065017Z,Matched data: 0 bytes,,0
	2026-07-17T14:00:25.0265149Z,File list size: 0,,0
	2026-07-17T14:00:25.0388395Z,File list generation time: 0.001 seconds,,0
	2026-07-17T14:00:25.0459061Z,File list transfer time: 0.000 seconds,,0
	2026-07-17T14:00:25.0499949Z,Total bytes sent: 8.01K,,0
	2026-07-17T14:00:25.0584337Z,Total bytes received: 38,,0
	2026-07-17T14:00:25.0637146Z,,,0
	2026-07-17T14:00:25.0691988Z,sent 8.01K bytes  received 38 bytes  16.10K bytes/sec,,0
	2026-07-17T14:00:25.0768165Z,total size is 23.78K  speedup is 2.96,,0
	2026-07-17T14:00:25.0810508Z,,,0
	2026-07-17T14:00:25.0868840Z,Number of files: 1 (reg: 1),,0
	2026-07-17T14:00:25.0915978Z,Number of created files: 0,,0
	2026-07-17T14:00:25.0984331Z,Number of deleted files: 0,,0
	2026-07-17T14:00:25.1056968Z,Number of regular files transferred: 1,,0
	2026-07-17T14:00:25.1103058Z,Total file size: 1.11K bytes,,0
	2026-07-17T14:00:25.1450493Z,Total transferred file size: 1.11K bytes,,0
	2026-07-17T14:00:25.1585334Z,Literal data: 1.11K bytes,,0
	2026-07-17T14:00:25.1641852Z,Matched data: 0 bytes,,0
	2026-07-17T14:00:25.1683376Z,File list size: 0,,0
	2026-07-17T14:00:25.1743000Z,File list generation time: 0.001 seconds,,0
	2026-07-17T14:00:25.1784443Z,File list transfer time: 0.000 seconds,,0
	2026-07-17T14:00:25.1826748Z,Total bytes sent: 607,,0
	2026-07-17T14:00:25.1901802Z,Total bytes received: 35,,0
	2026-07-17T14:00:25.1940790Z,,,0
	2026-07-17T14:00:25.1981161Z,sent 607 bytes  received 35 bytes  1.28K bytes/sec,,0
	2026-07-17T14:00:25.2027000Z,total size is 1.11K  speedup is 1.73,,0
	2026-07-17T14:00:25.2093054Z,Attempt 1: Rsync for filelist /tmp//splits/split.ae completed with exit code 0,,0
	2026-07-17T14:00:25.2257039Z,Attempt 1: Rsync for filelist /tmp//splits/split.aa completed with exit code 0,,0
	2026-07-17T14:00:25.2318581Z,,,0
	2026-07-17T14:00:25.2366236Z,Number of files: 2 (reg: 1&comma; dir: 1),,0
	2026-07-17T14:00:25.2429577Z,Number of created files: 1 (reg: 1),,0
	2026-07-17T14:00:25.2495321Z,Number of deleted files: 0,,0
	2026-07-17T14:00:25.2537606Z,Number of regular files transferred: 1,,0
	2026-07-17T14:00:25.2608556Z,Total file size: 14.52K bytes,,0
	2026-07-17T14:00:25.2699719Z,Total transferred file size: 14.52K bytes,,0
	2026-07-17T14:00:25.2832059Z,Literal data: 14.52K bytes,,0
	2026-07-17T14:00:25.3411712Z,Matched data: 0 bytes,,0
	2026-07-17T14:00:25.3521066Z,File list size: 0,,0
	2026-07-17T14:00:25.3690034Z,File list generation time: 0.001 seconds,,0
	2026-07-17T14:00:25.3737837Z,File list transfer time: 0.000 seconds,,0
	2026-07-17T14:00:25.3812712Z,Total bytes sent: 6.20K,,0
	2026-07-17T14:00:25.3891240Z,Total bytes received: 38,,0
	2026-07-17T14:00:25.3946328Z,,,0
	2026-07-17T14:00:25.4036027Z,sent 6.20K bytes  received 38 bytes  12.47K bytes/sec,,0
	2026-07-17T14:00:25.4115827Z,total size is 14.52K  speedup is 2.33,,0
	2026-07-17T14:00:25.4307199Z,Attempt 1: Rsync for filelist /tmp//splits/split.ab completed with exit code 0,,0
	2026-07-17T14:00:25.4351254Z,,,0
	2026-07-17T14:00:25.4423776Z,Number of files: 2 (reg: 1&comma; dir: 1),,0
	2026-07-17T14:00:25.4464144Z,Number of created files: 0,,0
	2026-07-17T14:00:25.4638531Z,Number of deleted files: 0,,0
	2026-07-17T14:00:25.4681923Z,Number of regular files transferred: 1,,0
	2026-07-17T14:00:25.4726023Z,Total file size: 193.83K bytes,,0
	2026-07-17T14:00:25.4766282Z,Total transferred file size: 193.83K bytes,,0
	2026-07-17T14:00:25.4829486Z,Literal data: 193.83K bytes,,0
	2026-07-17T14:00:25.4870937Z,Matched data: 0 bytes,,0
	2026-07-17T14:00:25.4916954Z,File list size: 0,,0
	2026-07-17T14:00:25.4958430Z,File list generation time: 0.001 seconds,,0
	2026-07-17T14:00:25.5017968Z,File list transfer time: 0.000 seconds,,0
	2026-07-17T14:00:25.5058558Z,Total bytes sent: 62.76K,,0
	2026-07-17T14:00:25.5124400Z,Total bytes received: 38,,0
	2026-07-17T14:00:25.5407639Z,,,0
	2026-07-17T14:00:25.5450138Z,sent 62.76K bytes  received 38 bytes  125.60K bytes/sec,,0
	2026-07-17T14:00:25.5511969Z,total size is 193.83K  speedup is 3.09,,0
	2026-07-17T14:00:25.5563636Z,Attempt 1: Rsync for filelist /tmp//splits/split.ac completed with exit code 0,,0
	2026-07-17T14:00:25.5610954Z,,,0
	2026-07-17T14:00:25.5650241Z,Number of files: 2 (reg: 1&comma; dir: 1),,0
	2026-07-17T14:00:25.5712170Z,Number of created files: 1 (reg: 1),,0
	2026-07-17T14:00:25.5755436Z,Number of deleted files: 0,,0
	2026-07-17T14:00:25.5811004Z,Number of regular files transferred: 1,,0
	2026-07-17T14:00:25.5852023Z,Total file size: 457.50K bytes,,0
	2026-07-17T14:00:25.5899257Z,Total transferred file size: 457.50K bytes,,0
	2026-07-17T14:00:25.5941629Z,Literal data: 457.50K bytes,,0
	2026-07-17T14:00:25.5995882Z,Matched data: 0 bytes,,0
	2026-07-17T14:00:25.7094926Z,File list size: 0,,0
	2026-07-17T14:00:25.7421238Z,File list generation time: 0.001 seconds,,0
	2026-07-17T14:00:25.7465315Z,File list transfer time: 0.000 seconds,,0
	2026-07-17T14:00:25.7539595Z,Total bytes sent: 126.18K,,0
	2026-07-17T14:00:25.7594269Z,Total bytes received: 38,,0
	2026-07-17T14:00:25.7636051Z,,,0
	2026-07-17T14:00:25.7695445Z,sent 126.18K bytes  received 38 bytes  252.43K bytes/sec,,0
	2026-07-17T14:00:25.7736409Z,total size is 457.50K  speedup is 3.62,,0
	2026-07-17T14:00:25.7795484Z,Attempt 1: Rsync for filelist /tmp//splits/split.ag completed with exit code 0,,0
	2026-07-17T14:00:25.7838737Z,,,0
	2026-07-17T14:00:25.7876572Z,Number of files: 2 (reg: 1&comma; dir: 1),,0
	2026-07-17T14:00:25.7930031Z,Number of created files: 1 (reg: 1),,0
	2026-07-17T14:00:25.7968750Z,Number of deleted files: 0,,0
	2026-07-17T14:00:25.8012484Z,Number of regular files transferred: 1,,0
	2026-07-17T14:00:25.8052909Z,Total file size: 86.19K bytes,,0
	2026-07-17T14:00:25.8095059Z,Total transferred file size: 86.19K bytes,,0
	2026-07-17T14:00:25.8305167Z,Literal data: 86.19K bytes,,0
	2026-07-17T14:00:25.8346977Z,Matched data: 0 bytes,,0
	2026-07-17T14:00:25.8413847Z,File list size: 0,,0
	2026-07-17T14:00:25.8512919Z,File list generation time: 0.001 seconds,,0
	2026-07-17T14:00:25.8815710Z,File list transfer time: 0.000 seconds,,0
	2026-07-17T14:00:25.9201728Z,Total bytes sent: 15.79K,,0
	2026-07-17T14:00:25.9616032Z,Total bytes received: 38,,0
	2026-07-17T14:00:26.0113380Z,,,0
	2026-07-17T14:00:26.1021399Z,sent 15.79K bytes  received 38 bytes  31.67K bytes/sec,,0
	2026-07-17T14:00:26.1621315Z,total size is 86.19K  speedup is 5.44,,0
	2026-07-17T14:00:26.1941319Z,Attempt 1: Rsync for filelist /tmp//splits/split.ad completed with exit code 0,,0
	2026-07-17T14:00:26.2016637Z,,,0
	2026-07-17T14:00:26.2056953Z,Number of files: 2 (reg: 1&comma; dir: 1),,0
	2026-07-17T14:00:26.2119004Z,Number of created files: 0,,0
	2026-07-17T14:00:26.2321008Z,Number of deleted files: 0,,0
	2026-07-17T14:00:26.2360397Z,Number of regular files transferred: 1,,0
	2026-07-17T14:00:26.2435380Z,Total file size: 86.29K bytes,,0
	2026-07-17T14:00:26.2495813Z,Total transferred file size: 86.29K bytes,,0
	2026-07-17T14:00:26.2537868Z,Literal data: 86.29K bytes,,0
	2026-07-17T14:00:26.2594240Z,Matched data: 0 bytes,,0
	2026-07-17T14:00:26.2631532Z,File list size: 0,,0
	2026-07-17T14:00:26.2696381Z,File list generation time: 0.038 seconds,,0
	2026-07-17T14:00:26.2738644Z,File list transfer time: 0.000 seconds,,0
	2026-07-17T14:00:26.2799798Z,Total bytes sent: 25.45K,,0
	2026-07-17T14:00:26.2838437Z,Total bytes received: 38,,0
	2026-07-17T14:00:26.2940439Z,,,0
	2026-07-17T14:00:26.2978456Z,sent 25.45K bytes  received 38 bytes  50.97K bytes/sec,,0
	2026-07-17T14:00:26.3104246Z,total size is 86.29K  speedup is 3.39,,0
	2026-07-17T14:00:26.3321357Z,Attempt 1: Rsync for filelist /tmp//splits/split.af completed with exit code 0,,0
	2026-07-17T14:00:26.3393428Z,Completed successfully in 1 seconds,,0
2026-07-17T14:00:26.4898768Z,Build completed succesfully.,41174966-b9f4-415f-81e3-beb55bb0cc7b,0
2026-07-17T14:00:26.6071776Z,Running post deployment command(s)...,d81706f2-f4a1-4508-8b2f-7827c8809661,0
2026-07-17T14:00:26.8347901Z,Triggering container recycle for OneDeploy by adding/updating restartTrigger.txt to the site root path,8b1ed9ff-c83c-491b-ade1-afb123316d33,0
2026-07-17T14:00:26.9608643Z,Deployment successful. deployer = OneDeploy deploymentPath = OneDeploy,49dac96f-5ba2-464f-a4ce-00cc69ffb131,0
